Archive member included to satisfy reference by file (symbol)

/usr/lib/gcc/arm-none-eabi/7.3.1/../../../arm-none-eabi/lib/thumb/v7-m/libc.a(lib_a-atexit.o)
                              /usr/lib/gcc/arm-none-eabi/7.3.1/../../../arm-none-eabi/lib/thumb/v7-m/crt0.o (atexit)
/usr/lib/gcc/arm-none-eabi/7.3.1/../../../arm-none-eabi/lib/thumb/v7-m/libc.a(lib_a-exit.o)
                              /usr/lib/gcc/arm-none-eabi/7.3.1/../../../arm-none-eabi/lib/thumb/v7-m/crt0.o (exit)
/usr/lib/gcc/arm-none-eabi/7.3.1/../../../arm-none-eabi/lib/thumb/v7-m/libc.a(lib_a-fini.o)
                              /usr/lib/gcc/arm-none-eabi/7.3.1/../../../arm-none-eabi/lib/thumb/v7-m/crt0.o (__libc_fini_array)
/usr/lib/gcc/arm-none-eabi/7.3.1/../../../arm-none-eabi/lib/thumb/v7-m/libc.a(lib_a-impure.o)
                              /usr/lib/gcc/arm-none-eabi/7.3.1/../../../arm-none-eabi/lib/thumb/v7-m/libc.a(lib_a-exit.o) (_global_impure_ptr)
/usr/lib/gcc/arm-none-eabi/7.3.1/../../../arm-none-eabi/lib/thumb/v7-m/libc.a(lib_a-init.o)
                              /usr/lib/gcc/arm-none-eabi/7.3.1/../../../arm-none-eabi/lib/thumb/v7-m/crt0.o (__libc_init_array)
/usr/lib/gcc/arm-none-eabi/7.3.1/../../../arm-none-eabi/lib/thumb/v7-m/libc.a(lib_a-memset.o)
                              /usr/lib/gcc/arm-none-eabi/7.3.1/../../../arm-none-eabi/lib/thumb/v7-m/crt0.o (memset)
/usr/lib/gcc/arm-none-eabi/7.3.1/../../../arm-none-eabi/lib/thumb/v7-m/libc.a(lib_a-__atexit.o)
                              /usr/lib/gcc/arm-none-eabi/7.3.1/../../../arm-none-eabi/lib/thumb/v7-m/libc.a(lib_a-atexit.o) (__register_exitproc)
/usr/lib/gcc/arm-none-eabi/7.3.1/../../../arm-none-eabi/lib/thumb/v7-m/libc.a(lib_a-__call_atexit.o)
                              /usr/lib/gcc/arm-none-eabi/7.3.1/../../../arm-none-eabi/lib/thumb/v7-m/libc.a(lib_a-exit.o) (__call_exitprocs)
/usr/lib/gcc/arm-none-eabi/7.3.1/../../../arm-none-eabi/lib/thumb/v7-m/libnosys.a(_exit.o)
                              /usr/lib/gcc/arm-none-eabi/7.3.1/../../../arm-none-eabi/lib/thumb/v7-m/libc.a(lib_a-exit.o) (_exit)

Allocating common symbols
Common symbol       size              file

ausb_deviceGain     0x1               build/ausb.o
hUsbDeviceFS        0x224             build/usb_device.o
ausb_OperationReportEffectIdx
                    0x1               build/ausb.o
aleds_ledGreenBlinkTimeMs
                    0x2               build/aleds.o
btnShiftDw          0x1               build/abuttons.o
ausb_flags          0x1               build/ausb.o
htim4               0x40              build/tim.o
sIdx                0x1               build/aBle2UART.o
wheelPos            0x2               build/ausb.o
pData               0x2               build/apedals.o
UartHandle          0x40              build/aBle2UART.o
uwTick              0x4               build/stm32f1xx_hal.o
pFlash              0x20              build/stm32f1xx_hal_flash.o
evBleRx             0x1               build/aBle2UART.o
PrevXferComplete    0x1               build/ausb.o
usbd_hid_EP1rxBuf   0x20              build/usbd_hid.o
pBrk                0x1               build/apedals.o
htim3               0x40              build/tim.o
userButtonStatus    0x1               build/ausb.o
ausb_effectData     0xe               build/ausb.o
classReqHistory     0x2               build/usbd_hid.o
hadc1               0x30              build/adc.o
evTimeout           0x1               build/aBle2UART.o
ausb_pidStateFlags  0x1               build/ausb.o
ausb_effectDataLoopCnt
                    0x1               build/ausb.o
aBleState           0x1               build/aBle2UART.o
sendPidStatus       0x1               build/ausb.o
usbd_hid_EP0rxBuf   0x20              build/usbd_hid.o
bleTim              0x2               build/aBle2UART.o
pAcc                0x1               build/apedals.o
ausb_pidEvent       0x1               build/ausb.o
btnShiftUp          0x1               build/abuttons.o
sConfigTim3         0x1c              build/tim.o
endOfProgramReached
                    0x1               build/main.o
aleds_ledGreenStatus
                    0x1               build/aleds.o
amagenc_ssiSample   0x2               build/amagencSpi.o
hpcd_USB_FS         0x460             build/usbd_conf.o
USBD_StrDesc        0x200             build/usbd_desc.o

Discarded input sections

 .text          0x0000000000000000        0x0 /usr/lib/gcc/arm-none-eabi/7.3.1/thumb/v7-m/crti.o
 .data          0x0000000000000000        0x0 /usr/lib/gcc/arm-none-eabi/7.3.1/thumb/v7-m/crti.o
 .bss           0x0000000000000000        0x0 /usr/lib/gcc/arm-none-eabi/7.3.1/thumb/v7-m/crti.o
 .data          0x0000000000000000        0x4 /usr/lib/gcc/arm-none-eabi/7.3.1/thumb/v7-m/crtbegin.o
 .text          0x0000000000000000       0x68 /usr/lib/gcc/arm-none-eabi/7.3.1/../../../arm-none-eabi/lib/thumb/v7-m/crt0.o
 .data          0x0000000000000000        0x0 /usr/lib/gcc/arm-none-eabi/7.3.1/../../../arm-none-eabi/lib/thumb/v7-m/crt0.o
[...]
Memory Configuration

Name             Origin             Length             Attributes
RAM              0x0000000020000000 0x0000000000005000 xrw
FLASH            0x0000000008000000 0x0000000000010000 xr
*default*        0x0000000000000000 0xffffffffffffffff

Linker script and memory map

LOAD /usr/lib/gcc/arm-none-eabi/7.3.1/thumb/v7-m/crti.o
LOAD /usr/lib/gcc/arm-none-eabi/7.3.1/thumb/v7-m/crtbegin.o
LOAD /usr/lib/gcc/arm-none-eabi/7.3.1/../../../arm-none-eabi/lib/thumb/v7-m/crt0.o
LOAD build/usbd_core.o
LOAD build/stm32f1xx_hal_tim.o
LOAD build/usbd_conf.o
LOAD build/usbd_ioreq.o
LOAD build/stm32f1xx_hal_flash_ex.o
LOAD build/tim.o
LOAD build/stm32f1xx_hal_msp.o
LOAD build/stm32f1xx_hal_rcc_ex.o
LOAD build/main.o
LOAD build/stm32f1xx_hal_pcd.o
LOAD build/usbd_desc.o
LOAD build/system_stm32f1xx.o
LOAD build/stm32f1xx_hal.o
LOAD build/stm32f1xx_hal_gpio_ex.o
LOAD build/gpio.o
LOAD build/stm32f1xx_hal_gpio.o
LOAD build/usbd_ctlreq.o
LOAD build/usbd_ctlreqClass.o
LOAD build/stm32f1xx_hal_pwr.o
LOAD build/usb_device.o
LOAD build/stm32f1xx_hal_tim_ex.o
LOAD build/stm32f1xx_ll_usb.o
LOAD build/stm32f1xx_hal_cortex.o
LOAD build/stm32f1xx_hal_rcc.o
LOAD build/stm32f1xx_hal_pcd_ex.o
LOAD build/stm32f1xx_it.o
LOAD build/usbd_hid.o
LOAD build/stm32f1xx_hal_flash.o
LOAD build/stm32f1xx_hal_adc_ex.o
LOAD build/adc.o
LOAD build/stm32f1xx_hal_adc.o
LOAD build/aSchTT.o
LOAD build/application_init.o
LOAD build/application_tasks.o
LOAD build/abuttons.o
LOAD build/aleds.o
LOAD build/ausb.o
LOAD build/apedals.o
LOAD build/stm32f1xx_hal_uart.o
LOAD build/stm32f1xx_hal_dma.o
LOAD build/aBle2UART.o
LOAD build/affmotor.o
LOAD build/stm32f1xx_ll_spi.o
LOAD build/spi.o
LOAD build/amagencSpi.o
LOAD build/startup_stm32f103xb.o
LOAD /usr/lib/gcc/arm-none-eabi/7.3.1/../../../arm-none-eabi/lib/thumb/v7-m/libc.a
LOAD /usr/lib/gcc/arm-none-eabi/7.3.1/../../../arm-none-eabi/lib/thumb/v7-m/libm.a
LOAD /usr/lib/gcc/arm-none-eabi/7.3.1/../../../arm-none-eabi/lib/thumb/v7-m/libnosys.a
START GROUP
LOAD /usr/lib/gcc/arm-none-eabi/7.3.1/thumb/v7-m/libgcc.a
LOAD /usr/lib/gcc/arm-none-eabi/7.3.1/../../../arm-none-eabi/lib/thumb/v7-m/libc.a
END GROUP
LOAD /usr/lib/gcc/arm-none-eabi/7.3.1/thumb/v7-m/crtend.o
LOAD /usr/lib/gcc/arm-none-eabi/7.3.1/thumb/v7-m/crtn.o
                0x0000000020005000                _estack = 0x20005000
                0x0000000000000200                _Min_Heap_Size = 0x200
                0x0000000000000400                _Min_Stack_Size = 0x400

.isr_vector     0x0000000008000000      0x10c
                0x0000000008000000                . = ALIGN (0x4)
 *(.isr_vector)
 .isr_vector    0x0000000008000000      0x10c build/startup_stm32f103xb.o
                0x0000000008000000                g_pfnVectors
                0x000000000800010c                . = ALIGN (0x4)

.text           0x000000000800010c     0x851c
                0x000000000800010c                . = ALIGN (0x4)
 *(.text)
 .text          0x000000000800010c       0x88 /usr/lib/gcc/arm-none-eabi/7.3.1/thumb/v7-m/crtbegin.o
 .text          0x0000000008000194        0xc /usr/lib/gcc/arm-none-eabi/7.3.1/../../../arm-none-eabi/lib/thumb/v7-m/libc.a(lib_a-atexit.o)
                0x0000000008000194                atexit
 .text          0x00000000080001a0       0x34 /usr/lib/gcc/arm-none-eabi/7.3.1/../../../arm-none-eabi/lib/thumb/v7-m/libc.a(lib_a-fini.o)
                0x00000000080001a0                __libc_fini_array
 .text          0x00000000080001d4       0x48 /usr/lib/gcc/arm-none-eabi/7.3.1/../../../arm-none-eabi/lib/thumb/v7-m/libc.a(lib_a-init.o)
                0x00000000080001d4                __libc_init_array
 .text          0x000000000800021c       0x94 /usr/lib/gcc/arm-none-eabi/7.3.1/../../../arm-none-eabi/lib/thumb/v7-m/libc.a(lib_a-memset.o)
                0x000000000800021c                memset
 .text          0x00000000080002b0       0x64 /usr/lib/gcc/arm-none-eabi/7.3.1/../../../arm-none-eabi/lib/thumb/v7-m/libc.a(lib_a-__atexit.o)
                0x00000000080002b0                __register_exitproc
 *(.text*)
 .text.USBD_Init
                0x0000000008000314       0x56 build/usbd_core.o
                0x0000000008000314                USBD_Init
 .text.USBD_RegisterClass
                0x000000000800036a       0x32 build/usbd_core.o
                0x000000000800036a                USBD_RegisterClass
 .text.USBD_Start
                0x000000000800039c       0x18 build/usbd_core.o
                0x000000000800039c                USBD_Start
 .text.USBD_RunTestMode
                0x00000000080003b4       0x14 build/usbd_core.o
                0x00000000080003b4                USBD_RunTestMode
 .text.USBD_SetClassConfig
                0x00000000080003c8       0x3e build/usbd_core.o
                0x00000000080003c8                USBD_SetClassConfig
 .text.USBD_ClrClassConfig
                0x0000000008000406       0x26 build/usbd_core.o
                0x0000000008000406                USBD_ClrClassConfig
 .text.USBD_LL_SetupStage
                0x000000000800042c      0x128 build/usbd_core.o
                0x000000000800042c                USBD_LL_SetupStage
 .text.USBD_LL_DataOutStage
                0x0000000008000554       0xb6 build/usbd_core.o
                0x0000000008000554                USBD_LL_DataOutStage
 .text.USBD_LL_DataInStage
                0x000000000800060a      0x11e build/usbd_core.o
                0x000000000800060a                USBD_LL_DataInStage
 .text.USBD_LL_Reset
                0x0000000008000728       0x5e build/usbd_core.o
                0x0000000008000728                USBD_LL_Reset
 .text.USBD_LL_SetSpeed
                0x0000000008000786       0x1e build/usbd_core.o
                0x0000000008000786                USBD_LL_SetSpeed
 .text.USBD_LL_Suspend
                0x00000000080007a4       0x28 build/usbd_core.o
                0x00000000080007a4                USBD_LL_Suspend
 .text.USBD_LL_Resume
                0x00000000080007cc       0x20 build/usbd_core.o
                0x00000000080007cc                USBD_LL_Resume
 .text.USBD_LL_SOF
                0x00000000080007ec       0x34 build/usbd_core.o
                0x00000000080007ec                USBD_LL_SOF
 .text.HAL_TIM_PWM_Init
                0x0000000008000820       0x56 build/stm32f1xx_hal_tim.o
                0x0000000008000820                HAL_TIM_PWM_Init
 *fill*         0x0000000008000876        0x2 
 .text.HAL_TIM_PWM_Start
                0x0000000008000878       0x50 build/stm32f1xx_hal_tim.o
                0x0000000008000878                HAL_TIM_PWM_Start
 .text.HAL_TIM_PWM_Stop
                0x00000000080008c8       0x98 build/stm32f1xx_hal_tim.o
                0x00000000080008c8                HAL_TIM_PWM_Stop
 .text.HAL_TIM_IRQHandler
                0x0000000008000960      0x210 build/stm32f1xx_hal_tim.o
                0x0000000008000960                HAL_TIM_IRQHandler
 .text.HAL_TIM_PWM_ConfigChannel
                0x0000000008000b70      0x18c build/stm32f1xx_hal_tim.o
                0x0000000008000b70                HAL_TIM_PWM_ConfigChannel
 .text.HAL_TIM_OC_DelayElapsedCallback
                0x0000000008000cfc       0x12 build/stm32f1xx_hal_tim.o
                0x0000000008000cfc                HAL_TIM_OC_DelayElapsedCallback
 .text.HAL_TIM_IC_CaptureCallback
                0x0000000008000d0e       0x12 build/stm32f1xx_hal_tim.o
                0x0000000008000d0e                HAL_TIM_IC_CaptureCallback
 .text.HAL_TIM_PWM_PulseFinishedCallback
                0x0000000008000d20       0x12 build/stm32f1xx_hal_tim.o
                0x0000000008000d20                HAL_TIM_PWM_PulseFinishedCallback
 .text.HAL_TIM_TriggerCallback
                0x0000000008000d32       0x12 build/stm32f1xx_hal_tim.o
                0x0000000008000d32                HAL_TIM_TriggerCallback
 .text.TIM_Base_SetConfig
                0x0000000008000d44       0xcc build/stm32f1xx_hal_tim.o
                0x0000000008000d44                TIM_Base_SetConfig
 .text.TIM_OC1_SetConfig
                0x0000000008000e10       0xd8 build/stm32f1xx_hal_tim.o
 .text.TIM_OC2_SetConfig
                0x0000000008000ee8       0xe0 build/stm32f1xx_hal_tim.o
                0x0000000008000ee8                TIM_OC2_SetConfig
 .text.TIM_OC3_SetConfig
                0x0000000008000fc8       0xe0 build/stm32f1xx_hal_tim.o
 .text.TIM_OC4_SetConfig
                0x00000000080010a8       0xa8 build/stm32f1xx_hal_tim.o
 .text.TIM_CCxChannelCmd
                0x0000000008001150       0x44 build/stm32f1xx_hal_tim.o
                0x0000000008001150                TIM_CCxChannelCmd
 .text.HAL_PCD_MspInit
                0x0000000008001194       0x4c build/usbd_conf.o
                0x0000000008001194                HAL_PCD_MspInit
 .text.HAL_PCD_SetupStageCallback
                0x00000000080011e0       0x24 build/usbd_conf.o
                0x00000000080011e0                HAL_PCD_SetupStageCallback
 .text.HAL_PCD_DataOutStageCallback
                0x0000000008001204       0x30 build/usbd_conf.o
                0x0000000008001204                HAL_PCD_DataOutStageCallback
 .text.HAL_PCD_DataInStageCallback
                0x0000000008001234       0x2e build/usbd_conf.o
                0x0000000008001234                HAL_PCD_DataInStageCallback
 .text.HAL_PCD_SOFCallback
                0x0000000008001262       0x1c build/usbd_conf.o
                0x0000000008001262                HAL_PCD_SOFCallback
 .text.HAL_PCD_ResetCallback
                0x000000000800127e       0x44 build/usbd_conf.o
                0x000000000800127e                HAL_PCD_ResetCallback
 *fill*         0x00000000080012c2        0x2 
 .text.HAL_PCD_SuspendCallback
                0x00000000080012c4       0x34 build/usbd_conf.o
                0x00000000080012c4                HAL_PCD_SuspendCallback
 .text.HAL_PCD_ResumeCallback
                0x00000000080012f8       0x1c build/usbd_conf.o
                0x00000000080012f8                HAL_PCD_ResumeCallback
 .text.USBD_LL_Init
                0x0000000008001314       0xb4 build/usbd_conf.o
                0x0000000008001314                USBD_LL_Init
 .text.USBD_LL_Start
                0x00000000080013c8       0x64 build/usbd_conf.o
                0x00000000080013c8                USBD_LL_Start
 .text.USBD_LL_OpenEP
                0x000000000800142c       0x7c build/usbd_conf.o
                0x000000000800142c                USBD_LL_OpenEP
 .text.USBD_LL_CloseEP
                0x00000000080014a8       0x6c build/usbd_conf.o
                0x00000000080014a8                USBD_LL_CloseEP
 .text.USBD_LL_StallEP
                0x0000000008001514       0x6c build/usbd_conf.o
                0x0000000008001514                USBD_LL_StallEP
 .text.USBD_LL_ClearStallEP
                0x0000000008001580       0x6c build/usbd_conf.o
                0x0000000008001580                USBD_LL_ClearStallEP
 .text.USBD_LL_IsStallEP
                0x00000000080015ec       0x4a build/usbd_conf.o
                0x00000000080015ec                USBD_LL_IsStallEP
 *fill*         0x0000000008001636        0x2 
 .text.USBD_LL_SetUSBAddress
                0x0000000008001638       0x6c build/usbd_conf.o
                0x0000000008001638                USBD_LL_SetUSBAddress
 .text.USBD_LL_Transmit
                0x00000000080016a4       0x74 build/usbd_conf.o
                0x00000000080016a4                USBD_LL_Transmit
 .text.USBD_LL_PrepareReceive
                0x0000000008001718       0x74 build/usbd_conf.o
                0x0000000008001718                USBD_LL_PrepareReceive
 .text.USBD_static_malloc
                0x000000000800178c       0x18 build/usbd_conf.o
                0x000000000800178c                USBD_static_malloc
 .text.USBD_static_free
                0x00000000080017a4       0x12 build/usbd_conf.o
                0x00000000080017a4                USBD_static_free
 .text.HAL_PCDEx_SetConnectionState
                0x00000000080017b6       0x16 build/usbd_conf.o
                0x00000000080017b6                HAL_PCDEx_SetConnectionState
 .text.USBD_CtlSendData
                0x00000000080017cc       0x38 build/usbd_ioreq.o
                0x00000000080017cc                USBD_CtlSendData
 .text.USBD_CtlContinueSendData
                0x0000000008001804       0x24 build/usbd_ioreq.o
                0x0000000008001804                USBD_CtlContinueSendData
 .text.USBD_CtlPrepareRx
                0x0000000008001828       0x3c build/usbd_ioreq.o
                0x0000000008001828                USBD_CtlPrepareRx
 .text.USBD_CtlContinueRx
                0x0000000008001864       0x24 build/usbd_ioreq.o
                0x0000000008001864                USBD_CtlContinueRx
 .text.USBD_CtlSendStatus
                0x0000000008001888       0x26 build/usbd_ioreq.o
                0x0000000008001888                USBD_CtlSendStatus
 .text.USBD_CtlReceiveStatus
                0x00000000080018ae       0x26 build/usbd_ioreq.o
                0x00000000080018ae                USBD_CtlReceiveStatus
 .text.MX_TIM3_Init
                0x00000000080018d4       0x9c build/tim.o
                0x00000000080018d4                MX_TIM3_Init
 .text.HAL_TIM_PWM_MspInit
                0x0000000008001970       0x5c build/tim.o
                0x0000000008001970                HAL_TIM_PWM_MspInit
 .text.HAL_TIM_PeriodElapsedCallback
                0x00000000080019cc       0x12 build/tim.o
                0x00000000080019cc                HAL_TIM_PeriodElapsedCallback
 *fill*         0x00000000080019de        0x2 
 .text.HAL_MspInit
                0x00000000080019e0       0x9c build/stm32f1xx_hal_msp.o
                0x00000000080019e0                HAL_MspInit
 .text.HAL_RCCEx_PeriphCLKConfig
                0x0000000008001a7c      0x16c build/stm32f1xx_hal_rcc_ex.o
                0x0000000008001a7c                HAL_RCCEx_PeriphCLKConfig
 .text.main     0x0000000008001be8       0x26 build/main.o
                0x0000000008001be8                main
 .text.HAL_SYSTICK_Callback
                0x0000000008001c0e        0xc build/main.o
                0x0000000008001c0e                HAL_SYSTICK_Callback
 *fill*         0x0000000008001c1a        0x2 
 .text.SystemClock_Config
                0x0000000008001c1c       0xcc build/main.o
                0x0000000008001c1c                SystemClock_Config
 .text._Error_Handler
                0x0000000008001ce8        0xc build/main.o
                0x0000000008001ce8                _Error_Handler
 .text.HAL_PCD_Init
                0x0000000008001cf4      0x1b4 build/stm32f1xx_hal_pcd.o
                0x0000000008001cf4                HAL_PCD_Init
 .text.HAL_PCD_Start
                0x0000000008001ea8       0x4c build/stm32f1xx_hal_pcd.o
                0x0000000008001ea8                HAL_PCD_Start
 .text.HAL_PCD_IRQHandler
                0x0000000008001ef4      0x204 build/stm32f1xx_hal_pcd.o
                0x0000000008001ef4                HAL_PCD_IRQHandler
 .text.HAL_PCD_SetAddress
                0x00000000080020f8       0x4a build/stm32f1xx_hal_pcd.o
                0x00000000080020f8                HAL_PCD_SetAddress
 .text.HAL_PCD_EP_Open
                0x0000000008002142       0xaa build/stm32f1xx_hal_pcd.o
                0x0000000008002142                HAL_PCD_EP_Open
 .text.HAL_PCD_EP_Close
                0x00000000080021ec       0x8c build/stm32f1xx_hal_pcd.o
                0x00000000080021ec                HAL_PCD_EP_Close
 .text.HAL_PCD_EP_Receive
                0x0000000008002278       0x78 build/stm32f1xx_hal_pcd.o
                0x0000000008002278                HAL_PCD_EP_Receive
 .text.HAL_PCD_EP_Transmit
                0x00000000080022f0       0x76 build/stm32f1xx_hal_pcd.o
                0x00000000080022f0                HAL_PCD_EP_Transmit
 .text.HAL_PCD_EP_SetStall
                0x0000000008002366       0xaa build/stm32f1xx_hal_pcd.o
                0x0000000008002366                HAL_PCD_EP_SetStall
 .text.HAL_PCD_EP_ClrStall
                0x0000000008002410       0x8e build/stm32f1xx_hal_pcd.o
                0x0000000008002410                HAL_PCD_EP_ClrStall
 *fill*         0x000000000800249e        0x2 
 .text.PCD_EP_ISR_Handler
                0x00000000080024a0      0x654 build/stm32f1xx_hal_pcd.o
 .text.USBD_FS_DeviceDescriptor
                0x0000000008002af4       0x24 build/usbd_desc.o
                0x0000000008002af4                USBD_FS_DeviceDescriptor
 .text.USBD_FS_LangIDStrDescriptor
                0x0000000008002b18       0x24 build/usbd_desc.o
                0x0000000008002b18                USBD_FS_LangIDStrDescriptor
 .text.USBD_FS_ProductStrDescriptor
                0x0000000008002b3c       0x3c build/usbd_desc.o
                0x0000000008002b3c                USBD_FS_ProductStrDescriptor
 .text.USBD_FS_ManufacturerStrDescriptor
                0x0000000008002b78       0x28 build/usbd_desc.o
                0x0000000008002b78                USBD_FS_ManufacturerStrDescriptor
 .text.USBD_FS_SerialStrDescriptor
                0x0000000008002ba0       0x3c build/usbd_desc.o
                0x0000000008002ba0                USBD_FS_SerialStrDescriptor
 .text.USBD_FS_ConfigStrDescriptor
                0x0000000008002bdc       0x3c build/usbd_desc.o
                0x0000000008002bdc                USBD_FS_ConfigStrDescriptor
 .text.USBD_FS_InterfaceStrDescriptor
                0x0000000008002c18       0x3c build/usbd_desc.o
                0x0000000008002c18                USBD_FS_InterfaceStrDescriptor
 .text.SystemInit
                0x0000000008002c54       0x68 build/system_stm32f1xx.o
                0x0000000008002c54                SystemInit
 .text.HAL_Init
                0x0000000008002cbc       0x2c build/stm32f1xx_hal.o
                0x0000000008002cbc                HAL_Init
 .text.HAL_InitTick
                0x0000000008002ce8       0x38 build/stm32f1xx_hal.o
                0x0000000008002ce8                HAL_InitTick
 .text.HAL_IncTick
                0x0000000008002d20       0x1c build/stm32f1xx_hal.o
                0x0000000008002d20                HAL_IncTick
 .text.HAL_GetTick
                0x0000000008002d3c       0x14 build/stm32f1xx_hal.o
                0x0000000008002d3c                HAL_GetTick
 .text.MX_GPIO_Init
                0x0000000008002d50      0x16c build/gpio.o
                0x0000000008002d50                MX_GPIO_Init
 .text.HAL_GPIO_Init
                0x0000000008002ebc      0x2bc build/stm32f1xx_hal_gpio.o
                0x0000000008002ebc                HAL_GPIO_Init
 .text.HAL_GPIO_ReadPin
                0x0000000008003178       0x2e build/stm32f1xx_hal_gpio.o
                0x0000000008003178                HAL_GPIO_ReadPin
 .text.HAL_GPIO_WritePin
                0x00000000080031a6       0x30 build/stm32f1xx_hal_gpio.o
                0x00000000080031a6                HAL_GPIO_WritePin
 *fill*         0x00000000080031d6        0x2 
 .text.HAL_GPIO_EXTI_IRQHandler
                0x00000000080031d8       0x30 build/stm32f1xx_hal_gpio.o
                0x00000000080031d8                HAL_GPIO_EXTI_IRQHandler
 .text.USBD_StdDevReq
                0x0000000008003208       0xa0 build/usbd_ctlreq.o
                0x0000000008003208                USBD_StdDevReq
 .text.USBD_StdItfReq
                0x00000000080032a8       0x66 build/usbd_ctlreq.o
                0x00000000080032a8                USBD_StdItfReq
 .text.USBD_StdEPReq
                0x000000000800330e      0x1b0 build/usbd_ctlreq.o
                0x000000000800330e                USBD_StdEPReq
 *fill*         0x00000000080034be        0x2 
 .text.USBD_GetDescriptor
                0x00000000080034c0      0x1e8 build/usbd_ctlreq.o
 .text.USBD_SetAddress
                0x00000000080036a8       0x7c build/usbd_ctlreq.o
 .text.USBD_SetConfig
                0x0000000008003724      0x110 build/usbd_ctlreq.o
 .text.USBD_GetConfig
                0x0000000008003834       0x64 build/usbd_ctlreq.o
 .text.USBD_GetStatus
                0x0000000008003898       0x54 build/usbd_ctlreq.o
 .text.USBD_SetFeature
                0x00000000080038ec       0x36 build/usbd_ctlreq.o
 .text.USBD_ClrFeature
                0x0000000008003922       0x50 build/usbd_ctlreq.o
 .text.USBD_ParseSetupRequest
                0x0000000008003972       0x78 build/usbd_ctlreq.o
                0x0000000008003972                USBD_ParseSetupRequest
 .text.USBD_CtlError
                0x00000000080039ea       0x22 build/usbd_ctlreq.o
                0x00000000080039ea                USBD_CtlError
 .text.USBD_GetString
                0x0000000008003a0c       0x86 build/usbd_ctlreq.o
                0x0000000008003a0c                USBD_GetString
 .text.USBD_GetLen
                0x0000000008003a92       0x2e build/usbd_ctlreq.o
 .text.USBD_ClassDevReq
                0x0000000008003ac0       0x16 build/usbd_ctlreqClass.o
                0x0000000008003ac0                USBD_ClassDevReq
 *fill*         0x0000000008003ad6        0x2 
 .text.USBD_ClassItfReq
                0x0000000008003ad8       0x78 build/usbd_ctlreqClass.o
                0x0000000008003ad8                USBD_ClassItfReq
 .text.USBD_GetReport
                0x0000000008003b50       0x50 build/usbd_ctlreqClass.o
                0x0000000008003b50                USBD_GetReport
 .text.USBD_SetReport
                0x0000000008003ba0       0x50 build/usbd_ctlreqClass.o
                0x0000000008003ba0                USBD_SetReport
 .text.USBD_ClassEPReq
                0x0000000008003bf0       0x16 build/usbd_ctlreqClass.o
                0x0000000008003bf0                USBD_ClassEPReq
 *fill*         0x0000000008003c06        0x2 
 .text.MX_USB_DEVICE_Init
                0x0000000008003c08       0x2c build/usb_device.o
                0x0000000008003c08                MX_USB_DEVICE_Init
 .text.HAL_TIMEx_CommutationCallback
                0x0000000008003c34       0x12 build/stm32f1xx_hal_tim_ex.o
                0x0000000008003c34                HAL_TIMEx_CommutationCallback
 .text.HAL_TIMEx_BreakCallback
                0x0000000008003c46       0x12 build/stm32f1xx_hal_tim_ex.o
                0x0000000008003c46                HAL_TIMEx_BreakCallback
 .text.USB_CoreInit
                0x0000000008003c58       0x20 build/stm32f1xx_ll_usb.o
                0x0000000008003c58                USB_CoreInit
 .text.USB_EnableGlobalInt
                0x0000000008003c78       0x34 build/stm32f1xx_ll_usb.o
                0x0000000008003c78                USB_EnableGlobalInt
 .text.USB_DisableGlobalInt
                0x0000000008003cac       0x38 build/stm32f1xx_ll_usb.o
                0x0000000008003cac                USB_DisableGlobalInt
 .text.USB_SetCurrentMode
                0x0000000008003ce4       0x18 build/stm32f1xx_ll_usb.o
                0x0000000008003ce4                USB_SetCurrentMode
 .text.USB_DevInit
                0x0000000008003cfc       0x48 build/stm32f1xx_ll_usb.o
                0x0000000008003cfc                USB_DevInit
 .text.USB_ActivateEndpoint
                0x0000000008003d44      0x584 build/stm32f1xx_ll_usb.o
                0x0000000008003d44                USB_ActivateEndpoint
 .text.USB_DeactivateEndpoint
                0x00000000080042c8      0x310 build/stm32f1xx_ll_usb.o
                0x00000000080042c8                USB_DeactivateEndpoint
 .text.USB_EPStartXfer
                0x00000000080045d8      0x504 build/stm32f1xx_ll_usb.o
                0x00000000080045d8                USB_EPStartXfer
 .text.USB_EPSetStall
                0x0000000008004adc       0xc0 build/stm32f1xx_ll_usb.o
                0x0000000008004adc                USB_EPSetStall
 .text.USB_EPClearStall
                0x0000000008004b9c      0x114 build/stm32f1xx_ll_usb.o
                0x0000000008004b9c                USB_EPClearStall
 .text.USB_SetDevAddress
                0x0000000008004cb0       0x26 build/stm32f1xx_ll_usb.o
                0x0000000008004cb0                USB_SetDevAddress
 .text.USB_DevConnect
                0x0000000008004cd6       0x14 build/stm32f1xx_ll_usb.o
                0x0000000008004cd6                USB_DevConnect
 .text.USB_DevDisconnect
                0x0000000008004cea       0x14 build/stm32f1xx_ll_usb.o
                0x0000000008004cea                USB_DevDisconnect
 .text.USB_ReadInterrupts
                0x0000000008004cfe       0x22 build/stm32f1xx_ll_usb.o
                0x0000000008004cfe                USB_ReadInterrupts
 .text.USB_EP0_OutStart
                0x0000000008004d20       0x16 build/stm32f1xx_ll_usb.o
                0x0000000008004d20                USB_EP0_OutStart
 .text.USB_WritePMA
                0x0000000008004d36       0x8c build/stm32f1xx_ll_usb.o
                0x0000000008004d36                USB_WritePMA
 .text.USB_ReadPMA
                0x0000000008004dc2       0x6a build/stm32f1xx_ll_usb.o
                0x0000000008004dc2                USB_ReadPMA
 .text.NVIC_SetPriorityGrouping
                0x0000000008004e2c       0x48 build/stm32f1xx_hal_cortex.o
 .text.NVIC_GetPriorityGrouping
                0x0000000008004e74       0x1c build/stm32f1xx_hal_cortex.o
 .text.NVIC_EnableIRQ
                0x0000000008004e90       0x30 build/stm32f1xx_hal_cortex.o
 .text.NVIC_DisableIRQ
                0x0000000008004ec0       0x34 build/stm32f1xx_hal_cortex.o
 .text.NVIC_SetPriority
                0x0000000008004ef4       0x54 build/stm32f1xx_hal_cortex.o
 .text.NVIC_EncodePriority
                0x0000000008004f48       0x64 build/stm32f1xx_hal_cortex.o
 .text.SysTick_Config
                0x0000000008004fac       0x44 build/stm32f1xx_hal_cortex.o
 .text.HAL_NVIC_SetPriorityGrouping
                0x0000000008004ff0       0x16 build/stm32f1xx_hal_cortex.o
                0x0000000008004ff0                HAL_NVIC_SetPriorityGrouping
 .text.HAL_NVIC_SetPriority
                0x0000000008005006       0x38 build/stm32f1xx_hal_cortex.o
                0x0000000008005006                HAL_NVIC_SetPriority
 .text.HAL_NVIC_EnableIRQ
                0x000000000800503e       0x1c build/stm32f1xx_hal_cortex.o
                0x000000000800503e                HAL_NVIC_EnableIRQ
 .text.HAL_NVIC_DisableIRQ
                0x000000000800505a       0x1c build/stm32f1xx_hal_cortex.o
                0x000000000800505a                HAL_NVIC_DisableIRQ
 .text.HAL_SYSTICK_Config
                0x0000000008005076       0x18 build/stm32f1xx_hal_cortex.o
                0x0000000008005076                HAL_SYSTICK_Config
 *fill*         0x000000000800508e        0x2 
 .text.HAL_SYSTICK_CLKSourceConfig
                0x0000000008005090       0x38 build/stm32f1xx_hal_cortex.o
                0x0000000008005090                HAL_SYSTICK_CLKSourceConfig
 .text.HAL_SYSTICK_IRQHandler
                0x00000000080050c8        0xc build/stm32f1xx_hal_cortex.o
                0x00000000080050c8                HAL_SYSTICK_IRQHandler
 .text.HAL_RCC_OscConfig
                0x00000000080050d4      0x4c8 build/stm32f1xx_hal_rcc.o
                0x00000000080050d4                HAL_RCC_OscConfig
 .text.HAL_RCC_ClockConfig
                0x000000000800559c      0x1e8 build/stm32f1xx_hal_rcc.o
                0x000000000800559c                HAL_RCC_ClockConfig
 .text.HAL_RCC_GetSysClockFreq
                0x0000000008005784       0xc4 build/stm32f1xx_hal_rcc.o
                0x0000000008005784                HAL_RCC_GetSysClockFreq
 .text.HAL_RCC_GetHCLKFreq
                0x0000000008005848       0x14 build/stm32f1xx_hal_rcc.o
                0x0000000008005848                HAL_RCC_GetHCLKFreq
 .text.HAL_RCC_GetPCLK1Freq
                0x000000000800585c       0x28 build/stm32f1xx_hal_rcc.o
                0x000000000800585c                HAL_RCC_GetPCLK1Freq
 .text.HAL_RCC_GetPCLK2Freq
                0x0000000008005884       0x28 build/stm32f1xx_hal_rcc.o
                0x0000000008005884                HAL_RCC_GetPCLK2Freq
 .text.RCC_Delay
                0x00000000080058ac       0x3c build/stm32f1xx_hal_rcc.o
 .text.HAL_PCDEx_PMAConfig
                0x00000000080058e8       0x7a build/stm32f1xx_hal_pcd_ex.o
                0x00000000080058e8                HAL_PCDEx_PMAConfig
 .text.NMI_Handler
                0x0000000008005962        0xc build/stm32f1xx_it.o
                0x0000000008005962                NMI_Handler
 .text.HardFault_Handler
                0x000000000800596e        0x6 build/stm32f1xx_it.o
                0x000000000800596e                HardFault_Handler
 .text.MemManage_Handler
                0x0000000008005974        0x6 build/stm32f1xx_it.o
                0x0000000008005974                MemManage_Handler
 .text.BusFault_Handler
                0x000000000800597a        0x6 build/stm32f1xx_it.o
                0x000000000800597a                BusFault_Handler
 .text.UsageFault_Handler
                0x0000000008005980        0x6 build/stm32f1xx_it.o
                0x0000000008005980                UsageFault_Handler
 .text.SVC_Handler
                0x0000000008005986        0xc build/stm32f1xx_it.o
                0x0000000008005986                SVC_Handler
 .text.DebugMon_Handler
                0x0000000008005992        0xc build/stm32f1xx_it.o
                0x0000000008005992                DebugMon_Handler
 .text.PendSV_Handler
                0x000000000800599e        0xc build/stm32f1xx_it.o
                0x000000000800599e                PendSV_Handler
 .text.SysTick_Handler
                0x00000000080059aa       0x10 build/stm32f1xx_it.o
                0x00000000080059aa                SysTick_Handler
 *fill*         0x00000000080059ba        0x2 
 .text.USB_LP_CAN1_RX0_IRQHandler
                0x00000000080059bc       0x14 build/stm32f1xx_it.o
                0x00000000080059bc                USB_LP_CAN1_RX0_IRQHandler
 .text.TIM4_IRQHandler
                0x00000000080059d0       0x14 build/stm32f1xx_it.o
                0x00000000080059d0                TIM4_IRQHandler
 .text.DMA1_Channel5_IRQHandler
                0x00000000080059e4       0x18 build/stm32f1xx_it.o
                0x00000000080059e4                DMA1_Channel5_IRQHandler
 .text.DMA1_Channel4_IRQHandler
                0x00000000080059fc       0x18 build/stm32f1xx_it.o
                0x00000000080059fc                DMA1_Channel4_IRQHandler
 .text.USART1_IRQHandler
                0x0000000008005a14       0x14 build/stm32f1xx_it.o
                0x0000000008005a14                USART1_IRQHandler
 .text.EXTI15_10_IRQHandler
                0x0000000008005a28       0x10 build/stm32f1xx_it.o
                0x0000000008005a28                EXTI15_10_IRQHandler
 .text.USBD_HID_Init
                0x0000000008005a38       0x6c build/usbd_hid.o
 .text.USBD_HID_DeInit
                0x0000000008005aa4       0x3c build/usbd_hid.o
 .text.USBD_HID_Setup
                0x0000000008005ae0      0x13c build/usbd_hid.o
 .text.USBD_HID_SendReport
                0x0000000008005c1c       0x50 build/usbd_hid.o
                0x0000000008005c1c                USBD_HID_SendReport
 .text.USBD_HID_GetCfgDesc
                0x0000000008005c6c       0x20 build/usbd_hid.o
 .text.USBD_HID_EP0_RxReady
                0x0000000008005c8c       0x40 build/usbd_hid.o
 .text.USBD_HID_DataIn
                0x0000000008005ccc       0x34 build/usbd_hid.o
 .text.USBD_HID_DataOut
                0x0000000008005d00      0x210 build/usbd_hid.o
 .text.USBD_HID_GetDeviceQualifierDesc
                0x0000000008005f10       0x20 build/usbd_hid.o
 .text.aSchTTMng
                0x0000000008005f30       0xf8 build/aSchTT.o
                0x0000000008005f30                aSchTTMng
 .text.aSchTTUpdate
                0x0000000008006028       0xb0 build/aSchTT.o
                0x0000000008006028                aSchTTUpdate
 .text.application_init
                0x00000000080060d8       0x20 build/application_init.o
                0x00000000080060d8                application_init
 .text.task_idle
                0x00000000080060f8       0x10 build/application_tasks.o
                0x00000000080060f8                task_idle
 .text.task_1ms
                0x0000000008006108       0x10 build/application_tasks.o
                0x0000000008006108                task_1ms
 .text.task_10ms
                0x0000000008006118       0x12 build/application_tasks.o
                0x0000000008006118                task_10ms
 .text.task_10ms_Offset
                0x000000000800612a       0x10 build/application_tasks.o
                0x000000000800612a                task_10ms_Offset
 .text.task_100ms
                0x000000000800613a        0xc build/application_tasks.o
                0x000000000800613a                task_100ms
 .text.task_500ms
                0x0000000008006146        0xc build/application_tasks.o
                0x0000000008006146                task_500ms
 .text.task_1000ms
                0x0000000008006152        0xc build/application_tasks.o
                0x0000000008006152                task_1000ms
 *fill*         0x000000000800615e        0x2 
 .text.abuttons_init
                0x0000000008006160       0x2c build/abuttons.o
                0x0000000008006160                abuttons_init
 .text.abuttons_manage
                0x000000000800618c       0xb4 build/abuttons.o
                0x000000000800618c                abuttons_manage
 .text.abuttons_getBStartPressedTime
                0x0000000008006240       0x14 build/abuttons.o
                0x0000000008006240                abuttons_getBStartPressedTime
 .text.aleds_init
                0x0000000008006254       0x24 build/aleds.o
                0x0000000008006254                aleds_init
 .text.aleds_manage
                0x0000000008006278       0x8c build/aleds.o
                0x0000000008006278                aleds_manage
 .text.usbmain_init
                0x0000000008006304       0x90 build/ausb.o
                0x0000000008006304                usbmain_init
 .text.ausb_manage10ms
                0x0000000008006394       0x38 build/ausb.o
                0x0000000008006394                ausb_manage10ms
 .text.ausb_manage1ms
                0x00000000080063cc        0xc build/ausb.o
                0x00000000080063cc                ausb_manage1ms
 .text.onNewControlEvent
                0x00000000080063d8      0x17c build/ausb.o
 .text.sensorsDataChanged
                0x0000000008006554      0x110 build/ausb.o
 .text.sendNewHIDSensorsData
                0x0000000008006664      0x11c build/ausb.o
 .text.ausb_initEffectsData
                0x0000000008006780       0x74 build/ausb.o
                0x0000000008006780                ausb_initEffectsData
 .text.ausb_physicalInterfaceSM
                0x00000000080067f4      0x1c0 build/ausb.o
                0x00000000080067f4                ausb_physicalInterfaceSM
 .text.processWheelPos
                0x00000000080069b4      0x144 build/ausb.o
 .text.apedals_init
                0x0000000008006af8       0x30 build/apedals.o
                0x0000000008006af8                apedals_init
 .text.apedals_StoreNewValues
                0x0000000008006b28      0x104 build/apedals.o
                0x0000000008006b28                apedals_StoreNewValues
 .text.apedalsAsyncTask
                0x0000000008006c2c        0xc build/apedals.o
                0x0000000008006c2c                apedalsAsyncTask
 .text.HAL_UART_Init
                0x0000000008006c38       0x9a build/stm32f1xx_hal_uart.o
                0x0000000008006c38                HAL_UART_Init
 *fill*         0x0000000008006cd2        0x2 
 .text.HAL_UART_Transmit_DMA
                0x0000000008006cd4       0xd8 build/stm32f1xx_hal_uart.o
                0x0000000008006cd4                HAL_UART_Transmit_DMA
 .text.HAL_UART_Receive_DMA
                0x0000000008006dac      0x100 build/stm32f1xx_hal_uart.o
                0x0000000008006dac                HAL_UART_Receive_DMA
 .text.HAL_UART_IRQHandler
                0x0000000008006eac      0x1f8 build/stm32f1xx_hal_uart.o
                0x0000000008006eac                HAL_UART_IRQHandler
 .text.HAL_UART_TxHalfCpltCallback
                0x00000000080070a4       0x12 build/stm32f1xx_hal_uart.o
                0x00000000080070a4                HAL_UART_TxHalfCpltCallback
 .text.HAL_UART_RxHalfCpltCallback
                0x00000000080070b6       0x12 build/stm32f1xx_hal_uart.o
                0x00000000080070b6                HAL_UART_RxHalfCpltCallback
 .text.UART_DMATransmitCplt
                0x00000000080070c8       0x52 build/stm32f1xx_hal_uart.o
 .text.UART_DMATxHalfCplt
                0x000000000800711a       0x1c build/stm32f1xx_hal_uart.o
 .text.UART_DMAReceiveCplt
                0x0000000008007136       0x68 build/stm32f1xx_hal_uart.o
 .text.UART_DMARxHalfCplt
                0x000000000800719e       0x1c build/stm32f1xx_hal_uart.o
 .text.UART_DMAError
                0x00000000080071ba       0x94 build/stm32f1xx_hal_uart.o
 .text.UART_EndTxTransfer
                0x000000000800724e       0x2a build/stm32f1xx_hal_uart.o
 .text.UART_EndRxTransfer
                0x0000000008007278       0x3a build/stm32f1xx_hal_uart.o
 .text.UART_DMAAbortOnError
                0x00000000080072b2       0x28 build/stm32f1xx_hal_uart.o
 .text.UART_Transmit_IT
                0x00000000080072da       0xaa build/stm32f1xx_hal_uart.o
 .text.UART_EndTransmit_IT
                0x0000000008007384       0x30 build/stm32f1xx_hal_uart.o
 .text.UART_Receive_IT
                0x00000000080073b4      0x102 build/stm32f1xx_hal_uart.o
 *fill*         0x00000000080074b6        0x2 
 .text.UART_SetConfig
                0x00000000080074b8      0x230 build/stm32f1xx_hal_uart.o
 .text.HAL_DMA_Init
                0x00000000080076e8       0xcc build/stm32f1xx_hal_dma.o
                0x00000000080076e8                HAL_DMA_Init
 .text.HAL_DMA_Start_IT
                0x00000000080077b4       0xbe build/stm32f1xx_hal_dma.o
                0x00000000080077b4                HAL_DMA_Start_IT
 *fill*         0x0000000008007872        0x2 
 .text.HAL_DMA_Abort_IT
                0x0000000008007874       0xec build/stm32f1xx_hal_dma.o
                0x0000000008007874                HAL_DMA_Abort_IT
 .text.HAL_DMA_IRQHandler
                0x0000000008007960      0x20c build/stm32f1xx_hal_dma.o
                0x0000000008007960                HAL_DMA_IRQHandler
 .text.DMA_SetConfig
                0x0000000008007b6c       0x5a build/stm32f1xx_hal_dma.o
 *fill*         0x0000000008007bc6        0x2 
 .text.aBle2UART_init
                0x0000000008007bc8       0xe4 build/aBle2UART.o
                0x0000000008007bc8                aBle2UART_init
 .text.aBle2UART_Setup
                0x0000000008007cac       0xbc build/aBle2UART.o
 .text.aBleAsyncTask
                0x0000000008007d68      0x1b8 build/aBle2UART.o
                0x0000000008007d68                aBleAsyncTask
 .text.aBlePerTask
                0x0000000008007f20       0x4c build/aBle2UART.o
                0x0000000008007f20                aBlePerTask
 .text.HAL_UART_TxCpltCallback
                0x0000000008007f6c       0x12 build/aBle2UART.o
                0x0000000008007f6c                HAL_UART_TxCpltCallback
 *fill*         0x0000000008007f7e        0x2 
 .text.HAL_UART_RxCpltCallback
                0x0000000008007f80       0x1c build/aBle2UART.o
                0x0000000008007f80                HAL_UART_RxCpltCallback
 .text.HAL_UART_ErrorCallback
                0x0000000008007f9c       0x1c build/aBle2UART.o
                0x0000000008007f9c                HAL_UART_ErrorCallback
 .text.HAL_UART_MspInit
                0x0000000008007fb8      0x174 build/aBle2UART.o
                0x0000000008007fb8                HAL_UART_MspInit
 .text.affmotor_init
                0x000000000800812c       0x34 build/affmotor.o
                0x000000000800812c                affmotor_init
 .text.affmotor_enable
                0x0000000008008160        0xc build/affmotor.o
                0x0000000008008160                affmotor_enable
 .text.affmotor_disable
                0x000000000800816c       0x20 build/affmotor.o
                0x000000000800816c                affmotor_disable
 .text.affmotor_start
                0x000000000800818c       0x28 build/affmotor.o
                0x000000000800818c                affmotor_start
 .text.affmotor_stop
                0x00000000080081b4       0x28 build/affmotor.o
                0x00000000080081b4                affmotor_stop
 .text.affmotor_updatePwmDC
                0x00000000080081dc      0x138 build/affmotor.o
                0x00000000080081dc                affmotor_updatePwmDC
 .text.affmotor_task
                0x0000000008008314       0x34 build/affmotor.o
                0x0000000008008314                affmotor_task
 .text.LL_SPI_IsEnabled
                0x0000000008008348       0x24 build/stm32f1xx_ll_spi.o
 .text.LL_SPI_SetCRCPolynomial
                0x000000000800836c       0x1e build/stm32f1xx_ll_spi.o
 .text.LL_SPI_Init
                0x000000000800838a       0x98 build/stm32f1xx_ll_spi.o
                0x000000000800838a                LL_SPI_Init
 *fill*         0x0000000008008422        0x2 
 .text.MX_SPI2_Init
                0x0000000008008424       0x58 build/spi.o
                0x0000000008008424                MX_SPI2_Init
 .text.LL_SPI_Enable
                0x000000000800847c       0x1e build/amagencSpi.o
 .text.LL_SPI_Disable
                0x000000000800849a       0x1e build/amagencSpi.o
 .text.LL_SPI_IsActiveFlag_RXNE
                0x00000000080084b8       0x24 build/amagencSpi.o
 .text.LL_SPI_ReceiveData16
                0x00000000080084dc       0x18 build/amagencSpi.o
 .text.amagencSpi_init
                0x00000000080084f4       0x2c build/amagencSpi.o
                0x00000000080084f4                amagencSpi_init
 .text.amagencSpi_task
                0x0000000008008520       0x6c build/amagencSpi.o
                0x0000000008008520                amagencSpi_task
 .text.HAL_GPIO_EXTI_Callback
                0x000000000800858c       0x24 build/amagencSpi.o
                0x000000000800858c                HAL_GPIO_EXTI_Callback
 .text.Reset_Handler
                0x00000000080085b0       0x48 build/startup_stm32f103xb.o
                0x00000000080085b0                Reset_Handler
 .text.Default_Handler
                0x00000000080085f8        0x2 build/startup_stm32f103xb.o
                0x00000000080085f8                RTC_Alarm_IRQHandler
                0x00000000080085f8                EXTI2_IRQHandler
                0x00000000080085f8                TIM1_CC_IRQHandler
                0x00000000080085f8                PVD_IRQHandler
                0x00000000080085f8                EXTI3_IRQHandler
                0x00000000080085f8                EXTI0_IRQHandler
                0x00000000080085f8                I2C2_EV_IRQHandler
                0x00000000080085f8                ADC1_2_IRQHandler
                0x00000000080085f8                SPI1_IRQHandler
                0x00000000080085f8                TAMPER_IRQHandler
                0x00000000080085f8                USART3_IRQHandler
                0x00000000080085f8                RTC_IRQHandler
                0x00000000080085f8                DMA1_Channel7_IRQHandler
                0x00000000080085f8                CAN1_RX1_IRQHandler
                0x00000000080085f8                I2C1_EV_IRQHandler
                0x00000000080085f8                DMA1_Channel6_IRQHandler
                0x00000000080085f8                TIM3_IRQHandler
                0x00000000080085f8                RCC_IRQHandler
                0x00000000080085f8                TIM1_TRG_COM_IRQHandler
                0x00000000080085f8                DMA1_Channel1_IRQHandler
                0x00000000080085f8                Default_Handler
                0x00000000080085f8                EXTI9_5_IRQHandler
                0x00000000080085f8                SPI2_IRQHandler
                0x00000000080085f8                EXTI4_IRQHandler
                0x00000000080085f8                USB_HP_CAN1_TX_IRQHandler
                0x00000000080085f8                DMA1_Channel3_IRQHandler
                0x00000000080085f8                TIM1_UP_IRQHandler
                0x00000000080085f8                WWDG_IRQHandler
                0x00000000080085f8                TIM2_IRQHandler
                0x00000000080085f8                TIM1_BRK_IRQHandler
                0x00000000080085f8                EXTI1_IRQHandler
                0x00000000080085f8                USART2_IRQHandler
                0x00000000080085f8                I2C2_ER_IRQHandler
                0x00000000080085f8                DMA1_Channel2_IRQHandler
                0x00000000080085f8                CAN1_SCE_IRQHandler
                0x00000000080085f8                FLASH_IRQHandler
                0x00000000080085f8                I2C1_ER_IRQHandler
                0x00000000080085f8                USBWakeUp_IRQHandler
 *fill*         0x00000000080085fa        0x2 
 .text.startup  0x00000000080085fc       0x14 /usr/lib/gcc/arm-none-eabi/7.3.1/../../../arm-none-eabi/lib/thumb/v7-m/libc.a(lib_a-__call_atexit.o)
 *(.glue_7)
 .glue_7        0x0000000008008610        0x0 linker stubs
 *(.glue_7t)
 .glue_7t       0x0000000008008610        0x0 linker stubs
 *(.eh_frame)
 .eh_frame      0x0000000008008610        0x0 /usr/lib/gcc/arm-none-eabi/7.3.1/thumb/v7-m/crtbegin.o
 *(.init)
 .init          0x0000000008008610        0x4 /usr/lib/gcc/arm-none-eabi/7.3.1/thumb/v7-m/crti.o
                0x0000000008008610                _init
 .init          0x0000000008008614        0x8 /usr/lib/gcc/arm-none-eabi/7.3.1/thumb/v7-m/crtn.o
 *(.fini)
 .fini          0x000000000800861c        0x4 /usr/lib/gcc/arm-none-eabi/7.3.1/thumb/v7-m/crti.o
                0x000000000800861c                _fini
 .fini          0x0000000008008620        0x8 /usr/lib/gcc/arm-none-eabi/7.3.1/thumb/v7-m/crtn.o
                0x0000000008008628                . = ALIGN (0x4)
                0x0000000008008628                _etext = .

.vfp11_veneer   0x0000000008008628        0x0
 .vfp11_veneer  0x0000000008008628        0x0 linker stubs

.v4_bx          0x0000000008008628        0x0
 .v4_bx         0x0000000008008628        0x0 linker stubs

.iplt           0x0000000008008628        0x0
 .iplt          0x0000000008008628        0x0 /usr/lib/gcc/arm-none-eabi/7.3.1/thumb/v7-m/crtbegin.o

.rodata         0x0000000008008628      0x108
                0x0000000008008628                . = ALIGN (0x4)
 *(.rodata)
 .rodata        0x0000000008008628       0x10 build/usbd_conf.o
 .rodata        0x0000000008008638        0xa build/tim.o
 *fill*         0x0000000008008642        0x2 
 .rodata        0x0000000008008644        0xb build/main.o
 *fill*         0x000000000800864f        0x1 
 .rodata        0x0000000008008650       0x4e build/usbd_desc.o
 *fill*         0x000000000800869e        0x2 
 .rodata        0x00000000080086a0       0x12 build/stm32f1xx_hal_rcc.o
 *fill*         0x00000000080086b2        0x2 
 .rodata        0x00000000080086b4       0x20 build/aBle2UART.o
 .rodata        0x00000000080086d4       0x20 build/affmotor.o
 .rodata        0x00000000080086f4        0x4 /usr/lib/gcc/arm-none-eabi/7.3.1/../../../arm-none-eabi/lib/thumb/v7-m/libc.a(lib_a-impure.o)
                0x00000000080086f4                _global_impure_ptr
 *(.rodata*)
 .rodata.AHBPrescTable
                0x00000000080086f8       0x10 build/system_stm32f1xx.o
                0x00000000080086f8                AHBPrescTable
 .rodata.APBPrescTable
                0x0000000008008708        0x8 build/system_stm32f1xx.o
                0x0000000008008708                APBPrescTable
 .rodata.bleSetupScript
                0x0000000008008710       0x1f build/aBle2UART.o
                0x0000000008008710                bleSetupScript
                0x0000000008008730                . = ALIGN (0x4)
 *fill*         0x000000000800872f        0x1 

.rel.dyn        0x0000000008008730        0x0
 .rel.iplt      0x0000000008008730        0x0 /usr/lib/gcc/arm-none-eabi/7.3.1/thumb/v7-m/crtbegin.o

.ARM.extab
 *(.ARM.extab* .gnu.linkonce.armextab.*)

.ARM            0x0000000008008730        0x0
                0x0000000008008730                __exidx_start = .
 *(.ARM.exidx*)
                0x0000000008008730                __exidx_end = .

.preinit_array  0x0000000008008730        0x0
                0x0000000008008730                PROVIDE (__preinit_array_start = .)
 *(.preinit_array*)
                0x0000000008008730                PROVIDE (__preinit_array_end = .)

.init_array     0x0000000008008730        0x8
                0x0000000008008730                PROVIDE (__init_array_start = .)
 *(SORT_BY_NAME(.init_array.*))
 .init_array.00000
                0x0000000008008730        0x4 /usr/lib/gcc/arm-none-eabi/7.3.1/../../../arm-none-eabi/lib/thumb/v7-m/libc.a(lib_a-__call_atexit.o)
 *(.init_array*)
 .init_array    0x0000000008008734        0x4 /usr/lib/gcc/arm-none-eabi/7.3.1/thumb/v7-m/crtbegin.o
                0x0000000008008738                PROVIDE (__init_array_end = .)

.fini_array     0x0000000008008738        0x4
                0x0000000008008738                PROVIDE (__fini_array_start = .)
 *(SORT_BY_NAME(.fini_array.*))
 *(.fini_array*)
 .fini_array    0x0000000008008738        0x4 /usr/lib/gcc/arm-none-eabi/7.3.1/thumb/v7-m/crtbegin.o
                0x000000000800873c                PROVIDE (__fini_array_end = .)
                0x000000000800873c                _sidata = LOADADDR (.data)

.data           0x0000000020000000      0x824 load address 0x000000000800873c
                0x0000000020000000                . = ALIGN (0x4)
                0x0000000020000000                _sdata = .
 *(.data)
 .data          0x0000000020000000      0x430 /usr/lib/gcc/arm-none-eabi/7.3.1/../../../arm-none-eabi/lib/thumb/v7-m/libc.a(lib_a-impure.o)
                0x0000000020000000                _impure_ptr
 *(.data*)
 .data.FS_Desc  0x0000000020000430       0x1c build/usbd_desc.o
                0x0000000020000430                FS_Desc
 .data.USBD_FS_DeviceDesc
                0x000000002000044c       0x12 build/usbd_desc.o
                0x000000002000044c                USBD_FS_DeviceDesc
 *fill*         0x000000002000045e        0x2 
 .data.USBD_LangIDDesc
                0x0000000020000460        0x4 build/usbd_desc.o
                0x0000000020000460                USBD_LangIDDesc
 .data.SystemCoreClock
                0x0000000020000464        0x4 build/system_stm32f1xx.o
                0x0000000020000464                SystemCoreClock
 .data.USBD_HID
                0x0000000020000468       0x38 build/usbd_hid.o
                0x0000000020000468                USBD_HID
 .data.USBD_HID_CfgDesc
                0x00000000200004a0       0x29 build/usbd_hid.o
 *fill*         0x00000000200004c9        0x3 
 .data.USBD_HID_Desc
                0x00000000200004cc        0x9 build/usbd_hid.o
 *fill*         0x00000000200004d5        0x3 
 .data.USBD_HID_DeviceQualifierDesc
                0x00000000200004d8        0xa build/usbd_hid.o
 *fill*         0x00000000200004e2        0x2 
 .data.Joystick_ReportDescriptor
                0x00000000200004e4      0x2f8 build/usbd_hid.o
 .data.aSchTTDispTbl_Tasks
                0x00000000200007dc       0x48 build/application_tasks.o
                0x00000000200007dc                aSchTTDispTbl_Tasks
                0x0000000020000824                . = ALIGN (0x4)
                0x0000000020000824                _edata = .

.tm_clone_table
                0x0000000020000824        0x0 load address 0x0000000008008f60
 .tm_clone_table
                0x0000000020000824        0x0 /usr/lib/gcc/arm-none-eabi/7.3.1/thumb/v7-m/crtbegin.o
 .tm_clone_table
                0x0000000020000824        0x0 /usr/lib/gcc/arm-none-eabi/7.3.1/thumb/v7-m/crtend.o

.igot.plt       0x0000000020000824        0x0 load address 0x0000000008008f60
 .igot.plt      0x0000000020000824        0x0 /usr/lib/gcc/arm-none-eabi/7.3.1/thumb/v7-m/crtbegin.o
                0x0000000020000824                . = ALIGN (0x4)

.bss            0x0000000020000824      0xb04 load address 0x0000000008008f60
                0x0000000020000824                _sbss = .
                0x0000000020000824                __bss_start__ = _sbss
 *(.bss)
 .bss           0x0000000020000824       0x1c /usr/lib/gcc/arm-none-eabi/7.3.1/thumb/v7-m/crtbegin.o
 *(.bss*)
 .bss.mem.8396  0x0000000020000840       0x14 build/usbd_conf.o
 .bss.cfgidx.8270
                0x0000000020000854        0x1 build/usbd_ctlreq.o
 .bss.newDeviceDataAvailable
                0x0000000020000855        0x1 build/usbd_hid.o
 .bss.bStartPressedTime
                0x0000000020000856        0x2 build/abuttons.o
 .bss.buttonStatusOld.7424
                0x0000000020000858        0x1 build/abuttons.o
 *fill*         0x0000000020000859        0x1 
 .bss.aleds_manage_odd.7356
                0x000000002000085a        0x2 build/aleds.o
 .bss.magEncPos
                0x000000002000085c        0x2 build/ausb.o
 .bss.ausb_effectOnTimer
                0x000000002000085e        0x2 build/ausb.o
 .bss.ausb_effectRepeatCnt
                0x0000000020000860        0x2 build/ausb.o
 .bss.ausb_pidOperation
                0x0000000020000862        0x1 build/ausb.o
 *fill*         0x0000000020000863        0x1 
 .bss.pidbuf    0x0000000020000864       0x14 build/ausb.o
 .bss.setupEffectOngoing
                0x0000000020000878        0x2 build/ausb.o
 .bss.pAccOld   0x000000002000087a        0x1 build/ausb.o
 .bss.pBrkOld   0x000000002000087b        0x1 build/ausb.o
 .bss.wheelPosRawOld
                0x000000002000087c        0x2 build/ausb.o
 .bss.wheelPosOffset
                0x000000002000087e        0x2 build/ausb.o
 .bss.wheelPosMin
                0x0000000020000880        0x2 build/ausb.o
 .bss.wheelPosMax
                0x0000000020000882        0x2 build/ausb.o
 .bss.userButtonStatusOld.8381
                0x0000000020000884        0x1 build/ausb.o
 *fill*         0x0000000020000885        0x3 
 .bss.aTxBuffer
                0x0000000020000888        0xe build/aBle2UART.o
 *fill*         0x0000000020000896        0x2 
 .bss.aRxBuffer
                0x0000000020000898       0x18 build/aBle2UART.o
 .bss.cmdLength
                0x00000000200008b0        0x1 build/aBle2UART.o
 *fill*         0x00000000200008b1        0x3 
 .bss.hdma_tx.7419
                0x00000000200008b4       0x44 build/aBle2UART.o
 .bss.hdma_rx.7420
                0x00000000200008f8       0x44 build/aBle2UART.o
 .bss.pwmPulseVal
                0x000000002000093c        0x2 build/affmotor.o
 .bss.directionChangeTimer
                0x000000002000093e        0x1 build/affmotor.o
 *fill*         0x000000002000093f        0x1 
 .bss.lastUnprocessedMagnitude
                0x0000000020000940        0x2 build/affmotor.o
 .bss.directionVal
                0x0000000020000942        0x1 build/affmotor.o
 *fill*         0x0000000020000943        0x1 
 .bss.cfMagnitudeOld
                0x0000000020000944        0x2 build/affmotor.o
 .bss.encVal    0x0000000020000946        0x2 build/amagencSpi.o
 .bss.firstTransfer
                0x0000000020000948        0x1 build/amagencSpi.o
 *(COMMON)
 *fill*         0x0000000020000949        0x3 
 COMMON         0x000000002000094c      0x460 build/usbd_conf.o
                0x000000002000094c                hpcd_USB_FS
 COMMON         0x0000000020000dac       0x9c build/tim.o
                0x0000000020000dac                htim4
                0x0000000020000dec                htim3
                0x0000000020000e2c                sConfigTim3
 COMMON         0x0000000020000e48      0x200 build/usbd_desc.o
                0x0000000020000e48                USBD_StrDesc
 COMMON         0x0000000020001048        0x4 build/stm32f1xx_hal.o
                0x0000000020001048                uwTick
 COMMON         0x000000002000104c      0x224 build/usb_device.o
                0x000000002000104c                hUsbDeviceFS
 COMMON         0x0000000020001270       0x44 build/usbd_hid.o
                0x0000000020001270                usbd_hid_EP1rxBuf
                0x0000000020001290                classReqHistory
                0x0000000020001294                usbd_hid_EP0rxBuf
 COMMON         0x00000000200012b4        0x2 build/abuttons.o
                0x00000000200012b4                btnShiftDw
                0x00000000200012b5                btnShiftUp
 COMMON         0x00000000200012b6        0x3 build/aleds.o
                0x00000000200012b6                aleds_ledGreenBlinkTimeMs
                0x00000000200012b8                aleds_ledGreenStatus
 *fill*         0x00000000200012b9        0x3 
 COMMON         0x00000000200012bc       0x1a build/ausb.o
                0x00000000200012bc                ausb_deviceGain
                0x00000000200012bd                ausb_OperationReportEffectIdx
                0x00000000200012be                ausb_flags
                0x00000000200012c0                wheelPos
                0x00000000200012c2                PrevXferComplete
                0x00000000200012c3                userButtonStatus
                0x00000000200012c4                ausb_effectData
                0x00000000200012d2                ausb_pidStateFlags
                0x00000000200012d3                ausb_effectDataLoopCnt
                0x00000000200012d4                sendPidStatus
                0x00000000200012d5                ausb_pidEvent
 *fill*         0x00000000200012d6        0x2 
 COMMON         0x00000000200012d8        0x4 build/apedals.o
                0x00000000200012d8                pData
                0x00000000200012da                pBrk
                0x00000000200012db                pAcc
 COMMON         0x00000000200012dc       0x4a build/aBle2UART.o
                0x00000000200012dc                sIdx
                0x00000000200012e0                UartHandle
                0x0000000020001320                evBleRx
                0x0000000020001321                evTimeout
                0x0000000020001322                aBleState
                0x0000000020001324                bleTim
 COMMON         0x0000000020001326        0x2 build/amagencSpi.o
                0x0000000020001326                amagenc_ssiSample
                0x0000000020001328                . = ALIGN (0x4)
                0x0000000020001328                _ebss = .
                0x0000000020001328                __bss_end__ = _ebss

._user_heap_stack
                0x0000000020001328      0x600 load address 0x0000000008008f60
                0x0000000020001328                . = ALIGN (0x8)
                [!provide]                        PROVIDE (end = .)
                [!provide]                        PROVIDE (_end = .)
                0x0000000020001528                . = (. + _Min_Heap_Size)
 *fill*         0x0000000020001328      0x200 
                0x0000000020001928                . = (. + _Min_Stack_Size)
 *fill*         0x0000000020001528      0x400 
                0x0000000020001928                . = ALIGN (0x8)

/DISCARD/
 libc.a(*)
 libm.a(*)
 libgcc.a(*)

.ARM.attributes
                0x0000000000000000       0x29
 *(.ARM.attributes)
 .ARM.attributes
                0x0000000000000000       0x1d /usr/lib/gcc/arm-none-eabi/7.3.1/thumb/v7-m/crti.o
 .ARM.attributes
                0x000000000000001d       0x2d /usr/lib/gcc/arm-none-eabi/7.3.1/thumb/v7-m/crtbegin.o
 .ARM.attributes
                0x000000000000004a       0x33 build/usbd_core.o
 .ARM.attributes
                0x000000000000007d       0x33 build/stm32f1xx_hal_tim.o
 .ARM.attributes
                0x00000000000000b0       0x33 build/usbd_conf.o
 .ARM.attributes
                0x00000000000000e3       0x33 build/usbd_ioreq.o
 .ARM.attributes
                0x0000000000000116       0x33 build/tim.o
 .ARM.attributes
                0x0000000000000149       0x33 build/stm32f1xx_hal_msp.o
 .ARM.attributes
                0x000000000000017c       0x33 build/stm32f1xx_hal_rcc_ex.o
 .ARM.attributes
                0x00000000000001af       0x33 build/main.o
 .ARM.attributes
                0x00000000000001e2       0x33 build/stm32f1xx_hal_pcd.o
 .ARM.attributes
                0x0000000000000215       0x33 build/usbd_desc.o
 .ARM.attributes
                0x0000000000000248       0x33 build/system_stm32f1xx.o
 .ARM.attributes
                0x000000000000027b       0x33 build/stm32f1xx_hal.o
 .ARM.attributes
                0x00000000000002ae       0x33 build/gpio.o
 .ARM.attributes
                0x00000000000002e1       0x33 build/stm32f1xx_hal_gpio.o
 .ARM.attributes
                0x0000000000000314       0x33 build/usbd_ctlreq.o
 .ARM.attributes
                0x0000000000000347       0x33 build/usbd_ctlreqClass.o
 .ARM.attributes
                0x000000000000037a       0x33 build/usb_device.o
 .ARM.attributes
                0x00000000000003ad       0x33 build/stm32f1xx_hal_tim_ex.o
 .ARM.attributes
                0x00000000000003e0       0x33 build/stm32f1xx_ll_usb.o
 .ARM.attributes
                0x0000000000000413       0x33 build/stm32f1xx_hal_cortex.o
 .ARM.attributes
                0x0000000000000446       0x33 build/stm32f1xx_hal_rcc.o
 .ARM.attributes
                0x0000000000000479       0x33 build/stm32f1xx_hal_pcd_ex.o
 .ARM.attributes
                0x00000000000004ac       0x33 build/stm32f1xx_it.o
 .ARM.attributes
                0x00000000000004df       0x33 build/usbd_hid.o
 .ARM.attributes
                0x0000000000000512       0x33 build/aSchTT.o
 .ARM.attributes
                0x0000000000000545       0x33 build/application_init.o
 .ARM.attributes
                0x0000000000000578       0x33 build/application_tasks.o
 .ARM.attributes
                0x00000000000005ab       0x33 build/abuttons.o
 .ARM.attributes
                0x00000000000005de       0x33 build/aleds.o
 .ARM.attributes
                0x0000000000000611       0x33 build/ausb.o
 .ARM.attributes
                0x0000000000000644       0x33 build/apedals.o
 .ARM.attributes
                0x0000000000000677       0x33 build/stm32f1xx_hal_uart.o
 .ARM.attributes
                0x00000000000006aa       0x33 build/stm32f1xx_hal_dma.o
 .ARM.attributes
                0x00000000000006dd       0x33 build/aBle2UART.o
 .ARM.attributes
                0x0000000000000710       0x33 build/affmotor.o
 .ARM.attributes
                0x0000000000000743       0x33 build/stm32f1xx_ll_spi.o
 .ARM.attributes
                0x0000000000000776       0x33 build/spi.o
 .ARM.attributes
                0x00000000000007a9       0x33 build/amagencSpi.o
 .ARM.attributes
                0x00000000000007dc       0x21 build/startup_stm32f103xb.o
 .ARM.attributes
                0x00000000000007fd       0x2d /usr/lib/gcc/arm-none-eabi/7.3.1/../../../arm-none-eabi/lib/thumb/v7-m/libc.a(lib_a-atexit.o)
 .ARM.attributes
                0x000000000000082a       0x2d /usr/lib/gcc/arm-none-eabi/7.3.1/../../../arm-none-eabi/lib/thumb/v7-m/libc.a(lib_a-fini.o)
 .ARM.attributes
                0x0000000000000857       0x2d /usr/lib/gcc/arm-none-eabi/7.3.1/../../../arm-none-eabi/lib/thumb/v7-m/libc.a(lib_a-impure.o)
 .ARM.attributes
                0x0000000000000884       0x2d /usr/lib/gcc/arm-none-eabi/7.3.1/../../../arm-none-eabi/lib/thumb/v7-m/libc.a(lib_a-init.o)
 .ARM.attributes
                0x00000000000008b1       0x2d /usr/lib/gcc/arm-none-eabi/7.3.1/../../../arm-none-eabi/lib/thumb/v7-m/libc.a(lib_a-memset.o)
 .ARM.attributes
                0x00000000000008de       0x2d /usr/lib/gcc/arm-none-eabi/7.3.1/../../../arm-none-eabi/lib/thumb/v7-m/libc.a(lib_a-__atexit.o)
 .ARM.attributes
                0x000000000000090b       0x2d /usr/lib/gcc/arm-none-eabi/7.3.1/../../../arm-none-eabi/lib/thumb/v7-m/libc.a(lib_a-__call_atexit.o)
 .ARM.attributes
                0x0000000000000938       0x2d /usr/lib/gcc/arm-none-eabi/7.3.1/thumb/v7-m/crtend.o
 .ARM.attributes
                0x0000000000000965       0x1d /usr/lib/gcc/arm-none-eabi/7.3.1/thumb/v7-m/crtn.o
OUTPUT(build/stm32uSBWheel_cubeMx.elf elf32-littlearm)

.comment        0x0000000000000000       0xae
 .comment       0x0000000000000000       0x57 /usr/lib/gcc/arm-none-eabi/7.3.1/thumb/v7-m/crtbegin.o
                                         0x58 (size before relaxing)
 .comment       0x0000000000000057       0x58 build/usbd_core.o
 .comment       0x0000000000000057       0x58 build/stm32f1xx_hal_tim.o
 .comment       0x0000000000000057       0x58 build/usbd_conf.o
 .comment       0x0000000000000057       0x58 build/usbd_ioreq.o
 .comment       0x0000000000000057       0x58 build/tim.o
 .comment       0x0000000000000057       0x58 build/stm32f1xx_hal_msp.o
 .comment       0x0000000000000057       0x58 build/stm32f1xx_hal_rcc_ex.o
 .comment       0x0000000000000057       0x58 build/main.o
 .comment       0x0000000000000057       0x58 build/stm32f1xx_hal_pcd.o
 .comment       0x0000000000000057       0x58 build/usbd_desc.o
 .comment       0x0000000000000057       0x58 build/system_stm32f1xx.o
 .comment       0x0000000000000057       0x58 build/stm32f1xx_hal.o
 .comment       0x0000000000000057       0x58 build/gpio.o
 .comment       0x0000000000000057       0x58 build/stm32f1xx_hal_gpio.o
 .comment       0x0000000000000057       0x58 build/usbd_ctlreq.o
 .comment       0x0000000000000057       0x58 build/usbd_ctlreqClass.o
 .comment       0x0000000000000057       0x58 build/usb_device.o
 .comment       0x0000000000000057       0x58 build/stm32f1xx_hal_tim_ex.o
 .comment       0x0000000000000057       0x58 build/stm32f1xx_ll_usb.o
 .comment       0x0000000000000057       0x58 build/stm32f1xx_hal_cortex.o
 .comment       0x0000000000000057       0x58 build/stm32f1xx_hal_rcc.o
 .comment       0x0000000000000057       0x58 build/stm32f1xx_hal_pcd_ex.o
 .comment       0x0000000000000057       0x58 build/stm32f1xx_it.o
 .comment       0x0000000000000057       0x58 build/usbd_hid.o
 .comment       0x0000000000000057       0x58 build/aSchTT.o
 .comment       0x0000000000000057       0x58 build/application_init.o
 .comment       0x0000000000000057       0x58 build/application_tasks.o
 .comment       0x0000000000000057       0x58 build/abuttons.o
 .comment       0x0000000000000057       0x58 build/aleds.o
 .comment       0x0000000000000057       0x58 build/ausb.o
 .comment       0x0000000000000057       0x58 build/apedals.o
 .comment       0x0000000000000057       0x58 build/stm32f1xx_hal_uart.o
 .comment       0x0000000000000057       0x58 build/stm32f1xx_hal_dma.o
 .comment       0x0000000000000057       0x58 build/aBle2UART.o
 .comment       0x0000000000000057       0x58 build/affmotor.o
 .comment       0x0000000000000057       0x58 build/stm32f1xx_ll_spi.o
 .comment       0x0000000000000057       0x58 build/spi.o
 .comment       0x0000000000000057       0x58 build/amagencSpi.o
 .comment       0x0000000000000057       0x57 /usr/lib/gcc/arm-none-eabi/7.3.1/../../../arm-none-eabi/lib/thumb/v7-m/libc.a(lib_a-atexit.o)
                                         0x58 (size before relaxing)
 .comment       0x00000000000000ae       0x58 /usr/lib/gcc/arm-none-eabi/7.3.1/../../../arm-none-eabi/lib/thumb/v7-m/libc.a(lib_a-fini.o)
 .comment       0x00000000000000ae       0x58 /usr/lib/gcc/arm-none-eabi/7.3.1/../../../arm-none-eabi/lib/thumb/v7-m/libc.a(lib_a-impure.o)
 .comment       0x00000000000000ae       0x58 /usr/lib/gcc/arm-none-eabi/7.3.1/../../../arm-none-eabi/lib/thumb/v7-m/libc.a(lib_a-init.o)
 .comment       0x00000000000000ae       0x58 /usr/lib/gcc/arm-none-eabi/7.3.1/../../../arm-none-eabi/lib/thumb/v7-m/libc.a(lib_a-memset.o)
 .comment       0x00000000000000ae       0x58 /usr/lib/gcc/arm-none-eabi/7.3.1/../../../arm-none-eabi/lib/thumb/v7-m/libc.a(lib_a-__atexit.o)
 .comment       0x00000000000000ae       0x58 /usr/lib/gcc/arm-none-eabi/7.3.1/../../../arm-none-eabi/lib/thumb/v7-m/libc.a(lib_a-__call_atexit.o)
 .comment       0x00000000000000ae       0x58 /usr/lib/gcc/arm-none-eabi/7.3.1/thumb/v7-m/crtend.o

.debug_info     0x0000000000000000    0x2e23d
 .debug_info    0x0000000000000000     0x1335 build/usbd_core.o
 .debug_info    0x0000000000001335     0x2d8b build/stm32f1xx_hal_tim.o
 .debug_info    0x00000000000040c0     0x1f2f build/usbd_conf.o
 .debug_info    0x0000000000005fef     0x1046 build/usbd_ioreq.o
 .debug_info    0x0000000000007035     0x12a5 build/tim.o
 .debug_info    0x00000000000082da      0xcb3 build/stm32f1xx_hal_msp.o
 .debug_info    0x0000000000008f8d      0xd1f build/stm32f1xx_hal_rcc_ex.o
 .debug_info    0x0000000000009cac     0x1ab2 build/main.o
 .debug_info    0x000000000000b75e     0x16fe build/stm32f1xx_hal_pcd.o
 .debug_info    0x000000000000ce5c      0xd26 build/usbd_desc.o
 .debug_info    0x000000000000db82      0xd37 build/system_stm32f1xx.o
 .debug_info    0x000000000000e8b9      0xfb7 build/stm32f1xx_hal.o
 .debug_info    0x000000000000f870      0xd7e build/gpio.o
 .debug_info    0x00000000000105ee      0xfba build/stm32f1xx_hal_gpio.o
 .debug_info    0x00000000000115a8     0x1261 build/usbd_ctlreq.o
 .debug_info    0x0000000000012809     0x1156 build/usbd_ctlreqClass.o
 .debug_info    0x000000000001395f      0xeaa build/usb_device.o
 .debug_info    0x0000000000014809     0x19ba build/stm32f1xx_hal_tim_ex.o
 .debug_info    0x00000000000161c3     0x1894 build/stm32f1xx_ll_usb.o
 .debug_info    0x0000000000017a57     0x14c1 build/stm32f1xx_hal_cortex.o
 .debug_info    0x0000000000018f18     0x1163 build/stm32f1xx_hal_rcc.o
 .debug_info    0x000000000001a07b      0xf61 build/stm32f1xx_hal_pcd_ex.o
 .debug_info    0x000000000001afdc     0x16ea build/stm32f1xx_it.o
 .debug_info    0x000000000001c6c6     0x1408 build/usbd_hid.o
 .debug_info    0x000000000001dace      0x192 build/aSchTT.o
 .debug_info    0x000000000001dc60      0xbca build/application_init.o
 .debug_info    0x000000000001e82a      0xd33 build/application_tasks.o
 .debug_info    0x000000000001f55d      0xd18 build/abuttons.o
 .debug_info    0x0000000000020275      0xb89 build/aleds.o
 .debug_info    0x0000000000020dfe     0x18b4 build/ausb.o
 .debug_info    0x00000000000226b2      0xab9 build/apedals.o
 .debug_info    0x000000000002316b     0x1bf2 build/stm32f1xx_hal_uart.o
 .debug_info    0x0000000000024d5d     0x10cf build/stm32f1xx_hal_dma.o
 .debug_info    0x0000000000025e2c     0x157b build/aBle2UART.o
 .debug_info    0x00000000000273a7     0x12bd build/affmotor.o
 .debug_info    0x0000000000028664      0xdf5 build/stm32f1xx_ll_spi.o
 .debug_info    0x0000000000029459      0xb6e build/spi.o
 .debug_info    0x0000000000029fc7      0xdb7 build/amagencSpi.o
 .debug_info    0x000000000002ad7e       0x22 build/startup_stm32f103xb.o
 .debug_info    0x000000000002ada0      0x90c /usr/lib/gcc/arm-none-eabi/7.3.1/../../../arm-none-eabi/lib/thumb/v7-m/libc.a(lib_a-atexit.o)
 .debug_info    0x000000000002b6ac       0xf3 /usr/lib/gcc/arm-none-eabi/7.3.1/../../../arm-none-eabi/lib/thumb/v7-m/libc.a(lib_a-fini.o)
 .debug_info    0x000000000002b79f      0x8a9 /usr/lib/gcc/arm-none-eabi/7.3.1/../../../arm-none-eabi/lib/thumb/v7-m/libc.a(lib_a-impure.o)
 .debug_info    0x000000000002c048      0x109 /usr/lib/gcc/arm-none-eabi/7.3.1/../../../arm-none-eabi/lib/thumb/v7-m/libc.a(lib_a-init.o)
 .debug_info    0x000000000002c151      0xe22 /usr/lib/gcc/arm-none-eabi/7.3.1/../../../arm-none-eabi/lib/thumb/v7-m/libc.a(lib_a-memset.o)
 .debug_info    0x000000000002cf73      0x937 /usr/lib/gcc/arm-none-eabi/7.3.1/../../../arm-none-eabi/lib/thumb/v7-m/libc.a(lib_a-__atexit.o)
 .debug_info    0x000000000002d8aa      0x993 /usr/lib/gcc/arm-none-eabi/7.3.1/../../../arm-none-eabi/lib/thumb/v7-m/libc.a(lib_a-__call_atexit.o)

.debug_abbrev   0x0000000000000000     0x62fa
 .debug_abbrev  0x0000000000000000      0x287 build/usbd_core.o
 .debug_abbrev  0x0000000000000287      0x2cb build/stm32f1xx_hal_tim.o
 .debug_abbrev  0x0000000000000552      0x2cb build/usbd_conf.o
 .debug_abbrev  0x000000000000081d      0x1e8 build/usbd_ioreq.o
 .debug_abbrev  0x0000000000000a05      0x245 build/tim.o
 .debug_abbrev  0x0000000000000c4a      0x1dc build/stm32f1xx_hal_msp.o
 .debug_abbrev  0x0000000000000e26      0x241 build/stm32f1xx_hal_rcc_ex.o
 .debug_abbrev  0x0000000000001067      0x252 build/main.o
 .debug_abbrev  0x00000000000012b9      0x2f4 build/stm32f1xx_hal_pcd.o
 .debug_abbrev  0x00000000000015ad      0x24a build/usbd_desc.o
 .debug_abbrev  0x00000000000017f7      0x209 build/system_stm32f1xx.o
 .debug_abbrev  0x0000000000001a00      0x2ad build/stm32f1xx_hal.o
 .debug_abbrev  0x0000000000001cad      0x1e7 build/gpio.o
 .debug_abbrev  0x0000000000001e94      0x26a build/stm32f1xx_hal_gpio.o
 .debug_abbrev  0x00000000000020fe      0x2a8 build/usbd_ctlreq.o
 .debug_abbrev  0x00000000000023a6      0x245 build/usbd_ctlreqClass.o
 .debug_abbrev  0x00000000000025eb      0x1b9 build/usb_device.o
 .debug_abbrev  0x00000000000027a4      0x2a8 build/stm32f1xx_hal_tim_ex.o
 .debug_abbrev  0x0000000000002a4c      0x25f build/stm32f1xx_ll_usb.o
 .debug_abbrev  0x0000000000002cab      0x368 build/stm32f1xx_hal_cortex.o
 .debug_abbrev  0x0000000000003013      0x2f1 build/stm32f1xx_hal_rcc.o
 .debug_abbrev  0x0000000000003304      0x204 build/stm32f1xx_hal_pcd_ex.o
 .debug_abbrev  0x0000000000003508      0x209 build/stm32f1xx_it.o
 .debug_abbrev  0x0000000000003711      0x2af build/usbd_hid.o
 .debug_abbrev  0x00000000000039c0       0xdc build/aSchTT.o
 .debug_abbrev  0x0000000000003a9c      0x192 build/application_init.o
 .debug_abbrev  0x0000000000003c2e      0x1d3 build/application_tasks.o
 .debug_abbrev  0x0000000000003e01      0x222 build/abuttons.o
 .debug_abbrev  0x0000000000004023      0x204 build/aleds.o
 .debug_abbrev  0x0000000000004227      0x2e0 build/ausb.o
 .debug_abbrev  0x0000000000004507      0x1cc build/apedals.o
 .debug_abbrev  0x00000000000046d3      0x2cc build/stm32f1xx_hal_uart.o
 .debug_abbrev  0x000000000000499f      0x288 build/stm32f1xx_hal_dma.o
 .debug_abbrev  0x0000000000004c27      0x2c7 build/aBle2UART.o
 .debug_abbrev  0x0000000000004eee      0x21c build/affmotor.o
 .debug_abbrev  0x000000000000510a      0x236 build/stm32f1xx_ll_spi.o
 .debug_abbrev  0x0000000000005340      0x1b0 build/spi.o
 .debug_abbrev  0x00000000000054f0      0x278 build/amagencSpi.o
 .debug_abbrev  0x0000000000005768       0x12 build/startup_stm32f103xb.o
 .debug_abbrev  0x000000000000577a      0x201 /usr/lib/gcc/arm-none-eabi/7.3.1/../../../arm-none-eabi/lib/thumb/v7-m/libc.a(lib_a-atexit.o)
 .debug_abbrev  0x000000000000597b       0xbd /usr/lib/gcc/arm-none-eabi/7.3.1/../../../arm-none-eabi/lib/thumb/v7-m/libc.a(lib_a-fini.o)
 .debug_abbrev  0x0000000000005a38      0x192 /usr/lib/gcc/arm-none-eabi/7.3.1/../../../arm-none-eabi/lib/thumb/v7-m/libc.a(lib_a-impure.o)
 .debug_abbrev  0x0000000000005bca       0xba /usr/lib/gcc/arm-none-eabi/7.3.1/../../../arm-none-eabi/lib/thumb/v7-m/libc.a(lib_a-init.o)
 .debug_abbrev  0x0000000000005c84      0x1de /usr/lib/gcc/arm-none-eabi/7.3.1/../../../arm-none-eabi/lib/thumb/v7-m/libc.a(lib_a-memset.o)
 .debug_abbrev  0x0000000000005e62      0x212 /usr/lib/gcc/arm-none-eabi/7.3.1/../../../arm-none-eabi/lib/thumb/v7-m/libc.a(lib_a-__atexit.o)
 .debug_abbrev  0x0000000000006074      0x286 /usr/lib/gcc/arm-none-eabi/7.3.1/../../../arm-none-eabi/lib/thumb/v7-m/libc.a(lib_a-__call_atexit.o)

.debug_loc      0x0000000000000000     0xad06
 .debug_loc     0x0000000000000000      0x6a0 build/usbd_core.o
 .debug_loc     0x00000000000006a0     0x2348 build/stm32f1xx_hal_tim.o
 .debug_loc     0x00000000000029e8      0x9e0 build/usbd_conf.o
 .debug_loc     0x00000000000033c8      0x230 build/usbd_ioreq.o
 .debug_loc     0x00000000000035f8      0x1ec build/tim.o
 .debug_loc     0x00000000000037e4       0x50 build/stm32f1xx_hal_msp.o
 .debug_loc     0x0000000000003834       0xfe build/stm32f1xx_hal_rcc_ex.o
 .debug_loc     0x0000000000003932       0xe2 build/main.o
 .debug_loc     0x0000000000003a14      0xb05 build/stm32f1xx_hal_pcd.o
 .debug_loc     0x0000000000004519      0x248 build/usbd_desc.o
 .debug_loc     0x0000000000004761       0xa0 build/system_stm32f1xx.o
 .debug_loc     0x0000000000004801      0x550 build/stm32f1xx_hal.o
 .debug_loc     0x0000000000004d51       0x50 build/gpio.o
 .debug_loc     0x0000000000004da1      0x2d4 build/stm32f1xx_hal_gpio.o
 .debug_loc     0x0000000000005075      0x478 build/usbd_ctlreq.o
 .debug_loc     0x00000000000054ed      0x1a8 build/usbd_ctlreqClass.o
 .debug_loc     0x0000000000005695       0x2c build/usb_device.o
 .debug_loc     0x00000000000056c1      0xbc4 build/stm32f1xx_hal_tim_ex.o
 .debug_loc     0x0000000000006285      0xa92 build/stm32f1xx_ll_usb.o
 .debug_loc     0x0000000000006d17      0x8f8 build/stm32f1xx_hal_cortex.o
 .debug_loc     0x000000000000760f      0x438 build/stm32f1xx_hal_rcc.o
 .debug_loc     0x0000000000007a47       0xb8 build/stm32f1xx_hal_pcd_ex.o
 .debug_loc     0x0000000000007aff      0x2f4 build/stm32f1xx_it.o
 .debug_loc     0x0000000000007df3      0x35c build/usbd_hid.o
 .debug_loc     0x000000000000814f       0xac build/aSchTT.o
 .debug_loc     0x00000000000081fb       0x2c build/application_init.o
 .debug_loc     0x0000000000008227      0x164 build/application_tasks.o
 .debug_loc     0x000000000000838b       0xb4 build/abuttons.o
 .debug_loc     0x000000000000843f       0x70 build/aleds.o
 .debug_loc     0x00000000000084af      0x258 build/ausb.o
 .debug_loc     0x0000000000008707       0xb4 build/apedals.o
 .debug_loc     0x00000000000087bb     0x1250 build/stm32f1xx_hal_uart.o
 .debug_loc     0x0000000000009a0b      0x470 build/stm32f1xx_hal_dma.o
 .debug_loc     0x0000000000009e7b      0x300 build/aBle2UART.o
 .debug_loc     0x000000000000a17b      0x170 build/affmotor.o
 .debug_loc     0x000000000000a2eb      0x324 build/stm32f1xx_ll_spi.o
 .debug_loc     0x000000000000a60f       0x50 build/spi.o
 .debug_loc     0x000000000000a65f      0x230 build/amagencSpi.o
 .debug_loc     0x000000000000a88f       0x2c /usr/lib/gcc/arm-none-eabi/7.3.1/../../../arm-none-eabi/lib/thumb/v7-m/libc.a(lib_a-atexit.o)
 .debug_loc     0x000000000000a8bb       0x5c /usr/lib/gcc/arm-none-eabi/7.3.1/../../../arm-none-eabi/lib/thumb/v7-m/libc.a(lib_a-fini.o)
 .debug_loc     0x000000000000a917       0xa2 /usr/lib/gcc/arm-none-eabi/7.3.1/../../../arm-none-eabi/lib/thumb/v7-m/libc.a(lib_a-init.o)
 .debug_loc     0x000000000000a9b9      0x175 /usr/lib/gcc/arm-none-eabi/7.3.1/../../../arm-none-eabi/lib/thumb/v7-m/libc.a(lib_a-memset.o)
 .debug_loc     0x000000000000ab2e      0x112 /usr/lib/gcc/arm-none-eabi/7.3.1/../../../arm-none-eabi/lib/thumb/v7-m/libc.a(lib_a-__atexit.o)
 .debug_loc     0x000000000000ac40       0xc6 /usr/lib/gcc/arm-none-eabi/7.3.1/../../../arm-none-eabi/lib/thumb/v7-m/libc.a(lib_a-__call_atexit.o)

.debug_aranges  0x0000000000000000     0x1540
 .debug_aranges
                0x0000000000000000       0xb8 build/usbd_core.o
 .debug_aranges
                0x00000000000000b8      0x368 build/stm32f1xx_hal_tim.o
 .debug_aranges
                0x0000000000000420      0x110 build/usbd_conf.o
 .debug_aranges
                0x0000000000000530       0x50 build/usbd_ioreq.o
 .debug_aranges
                0x0000000000000580       0x48 build/tim.o
 .debug_aranges
                0x00000000000005c8       0x20 build/stm32f1xx_hal_msp.o
 .debug_aranges
                0x00000000000005e8       0x30 build/stm32f1xx_hal_rcc_ex.o
 .debug_aranges
                0x0000000000000618       0x38 build/main.o
 .debug_aranges
                0x0000000000000650      0x120 build/stm32f1xx_hal_pcd.o
 .debug_aranges
                0x0000000000000770       0x50 build/usbd_desc.o
 .debug_aranges
                0x00000000000007c0       0x28 build/system_stm32f1xx.o
 .debug_aranges
                0x00000000000007e8       0xb8 build/stm32f1xx_hal.o
 .debug_aranges
                0x00000000000008a0       0x20 build/gpio.o
 .debug_aranges
                0x00000000000008c0       0x58 build/stm32f1xx_hal_gpio.o
 .debug_aranges
                0x0000000000000918       0x88 build/usbd_ctlreq.o
 .debug_aranges
                0x00000000000009a0       0x40 build/usbd_ctlreqClass.o
 .debug_aranges
                0x00000000000009e0       0x20 build/usb_device.o
 .debug_aranges
                0x0000000000000a00      0x138 build/stm32f1xx_hal_tim_ex.o
 .debug_aranges
                0x0000000000000b38      0x100 build/stm32f1xx_ll_usb.o
 .debug_aranges
                0x0000000000000c38      0x100 build/stm32f1xx_hal_cortex.o
 .debug_aranges
                0x0000000000000d38       0x90 build/stm32f1xx_hal_rcc.o
 .debug_aranges
                0x0000000000000dc8       0x28 build/stm32f1xx_hal_pcd_ex.o
 .debug_aranges
                0x0000000000000df0       0x90 build/stm32f1xx_it.o
 .debug_aranges
                0x0000000000000e80       0x68 build/usbd_hid.o
 .debug_aranges
                0x0000000000000ee8       0x28 build/aSchTT.o
 .debug_aranges
                0x0000000000000f10       0x20 build/application_init.o
 .debug_aranges
                0x0000000000000f30       0x50 build/application_tasks.o
 .debug_aranges
                0x0000000000000f80       0x30 build/abuttons.o
 .debug_aranges
                0x0000000000000fb0       0x28 build/aleds.o
 .debug_aranges
                0x0000000000000fd8       0x60 build/ausb.o
 .debug_aranges
                0x0000000000001038       0x30 build/apedals.o
 .debug_aranges
                0x0000000000001068      0x1d0 build/stm32f1xx_hal_uart.o
 .debug_aranges
                0x0000000000001238       0x80 build/stm32f1xx_hal_dma.o
 .debug_aranges
                0x00000000000012b8       0x60 build/aBle2UART.o
 .debug_aranges
                0x0000000000001318       0x50 build/affmotor.o
 .debug_aranges
                0x0000000000001368       0x60 build/stm32f1xx_ll_spi.o
 .debug_aranges
                0x00000000000013c8       0x20 build/spi.o
 .debug_aranges
                0x00000000000013e8       0x50 build/amagencSpi.o
 .debug_aranges
                0x0000000000001438       0x28 build/startup_stm32f103xb.o
 .debug_aranges
                0x0000000000001460       0x20 /usr/lib/gcc/arm-none-eabi/7.3.1/../../../arm-none-eabi/lib/thumb/v7-m/libc.a(lib_a-atexit.o)
 .debug_aranges
                0x0000000000001480       0x20 /usr/lib/gcc/arm-none-eabi/7.3.1/../../../arm-none-eabi/lib/thumb/v7-m/libc.a(lib_a-fini.o)
 .debug_aranges
                0x00000000000014a0       0x18 /usr/lib/gcc/arm-none-eabi/7.3.1/../../../arm-none-eabi/lib/thumb/v7-m/libc.a(lib_a-impure.o)
 .debug_aranges
                0x00000000000014b8       0x20 /usr/lib/gcc/arm-none-eabi/7.3.1/../../../arm-none-eabi/lib/thumb/v7-m/libc.a(lib_a-init.o)
 .debug_aranges
                0x00000000000014d8       0x20 /usr/lib/gcc/arm-none-eabi/7.3.1/../../../arm-none-eabi/lib/thumb/v7-m/libc.a(lib_a-memset.o)
 .debug_aranges
                0x00000000000014f8       0x20 /usr/lib/gcc/arm-none-eabi/7.3.1/../../../arm-none-eabi/lib/thumb/v7-m/libc.a(lib_a-__atexit.o)
 .debug_aranges
                0x0000000000001518       0x28 /usr/lib/gcc/arm-none-eabi/7.3.1/../../../arm-none-eabi/lib/thumb/v7-m/libc.a(lib_a-__call_atexit.o)

.debug_ranges   0x0000000000000000     0x1238
 .debug_ranges  0x0000000000000000       0xa8 build/usbd_core.o
 .debug_ranges  0x00000000000000a8      0x358 build/stm32f1xx_hal_tim.o
 .debug_ranges  0x0000000000000400      0x100 build/usbd_conf.o
 .debug_ranges  0x0000000000000500       0x40 build/usbd_ioreq.o
 .debug_ranges  0x0000000000000540       0x38 build/tim.o
 .debug_ranges  0x0000000000000578       0x10 build/stm32f1xx_hal_msp.o
 .debug_ranges  0x0000000000000588       0x20 build/stm32f1xx_hal_rcc_ex.o
 .debug_ranges  0x00000000000005a8       0x28 build/main.o
 .debug_ranges  0x00000000000005d0      0x110 build/stm32f1xx_hal_pcd.o
 .debug_ranges  0x00000000000006e0       0x40 build/usbd_desc.o
 .debug_ranges  0x0000000000000720       0x18 build/system_stm32f1xx.o
 .debug_ranges  0x0000000000000738       0xa8 build/stm32f1xx_hal.o
 .debug_ranges  0x00000000000007e0       0x10 build/gpio.o
 .debug_ranges  0x00000000000007f0       0x48 build/stm32f1xx_hal_gpio.o
 .debug_ranges  0x0000000000000838       0x78 build/usbd_ctlreq.o
 .debug_ranges  0x00000000000008b0       0x30 build/usbd_ctlreqClass.o
 .debug_ranges  0x00000000000008e0       0x10 build/usb_device.o
 .debug_ranges  0x00000000000008f0      0x128 build/stm32f1xx_hal_tim_ex.o
 .debug_ranges  0x0000000000000a18       0xf0 build/stm32f1xx_ll_usb.o
 .debug_ranges  0x0000000000000b08       0xf0 build/stm32f1xx_hal_cortex.o
 .debug_ranges  0x0000000000000bf8       0x80 build/stm32f1xx_hal_rcc.o
 .debug_ranges  0x0000000000000c78       0x18 build/stm32f1xx_hal_pcd_ex.o
 .debug_ranges  0x0000000000000c90       0x80 build/stm32f1xx_it.o
 .debug_ranges  0x0000000000000d10       0x58 build/usbd_hid.o
 .debug_ranges  0x0000000000000d68       0x18 build/aSchTT.o
 .debug_ranges  0x0000000000000d80       0x10 build/application_init.o
 .debug_ranges  0x0000000000000d90       0x40 build/application_tasks.o
 .debug_ranges  0x0000000000000dd0       0x20 build/abuttons.o
 .debug_ranges  0x0000000000000df0       0x18 build/aleds.o
 .debug_ranges  0x0000000000000e08       0x50 build/ausb.o
 .debug_ranges  0x0000000000000e58       0x20 build/apedals.o
 .debug_ranges  0x0000000000000e78      0x1c0 build/stm32f1xx_hal_uart.o
 .debug_ranges  0x0000000000001038       0x70 build/stm32f1xx_hal_dma.o
 .debug_ranges  0x00000000000010a8       0x50 build/aBle2UART.o
 .debug_ranges  0x00000000000010f8       0x40 build/affmotor.o
 .debug_ranges  0x0000000000001138       0x50 build/stm32f1xx_ll_spi.o
 .debug_ranges  0x0000000000001188       0x10 build/spi.o
 .debug_ranges  0x0000000000001198       0x40 build/amagencSpi.o
 .debug_ranges  0x00000000000011d8       0x20 build/startup_stm32f103xb.o
 .debug_ranges  0x00000000000011f8       0x40 /usr/lib/gcc/arm-none-eabi/7.3.1/../../../arm-none-eabi/lib/thumb/v7-m/libc.a(lib_a-__call_atexit.o)

.debug_line     0x0000000000000000     0x96f8
 .debug_line    0x0000000000000000      0x3cf build/usbd_core.o
 .debug_line    0x00000000000003cf     0x116f build/stm32f1xx_hal_tim.o
 .debug_line    0x000000000000153e      0x54f build/usbd_conf.o
 .debug_line    0x0000000000001a8d      0x258 build/usbd_ioreq.o
 .debug_line    0x0000000000001ce5      0x27c build/tim.o
 .debug_line    0x0000000000001f61      0x172 build/stm32f1xx_hal_msp.o
 .debug_line    0x00000000000020d3      0x291 build/stm32f1xx_hal_rcc_ex.o
 .debug_line    0x0000000000002364      0x387 build/main.o
 .debug_line    0x00000000000026eb      0x6aa build/stm32f1xx_hal_pcd.o
 .debug_line    0x0000000000002d95      0x23e build/usbd_desc.o
 .debug_line    0x0000000000002fd3      0x1b5 build/system_stm32f1xx.o
 .debug_line    0x0000000000003188      0x329 build/stm32f1xx_hal.o
 .debug_line    0x00000000000034b1      0x1c0 build/gpio.o
 .debug_line    0x0000000000003671      0x3c7 build/stm32f1xx_hal_gpio.o
 .debug_line    0x0000000000003a38      0x40b build/usbd_ctlreq.o
 .debug_line    0x0000000000003e43      0x26d build/usbd_ctlreqClass.o
 .debug_line    0x00000000000040b0      0x219 build/usb_device.o
 .debug_line    0x00000000000042c9      0x77a build/stm32f1xx_hal_tim_ex.o
 .debug_line    0x0000000000004a43      0x64d build/stm32f1xx_ll_usb.o
 .debug_line    0x0000000000005090      0x42d build/stm32f1xx_hal_cortex.o
 .debug_line    0x00000000000054bd      0x491 build/stm32f1xx_hal_rcc.o
 .debug_line    0x000000000000594e      0x20a build/stm32f1xx_hal_pcd_ex.o
 .debug_line    0x0000000000005b58      0x314 build/stm32f1xx_it.o
 .debug_line    0x0000000000005e6c      0x374 build/usbd_hid.o
 .debug_line    0x00000000000061e0       0xcf build/aSchTT.o
 .debug_line    0x00000000000062af      0x1ff build/application_init.o
 .debug_line    0x00000000000064ae      0x28c build/application_tasks.o
 .debug_line    0x000000000000673a      0x247 build/abuttons.o
 .debug_line    0x0000000000006981      0x1f2 build/aleds.o
 .debug_line    0x0000000000006b73      0x45f build/ausb.o
 .debug_line    0x0000000000006fd2      0x1ac build/apedals.o
 .debug_line    0x000000000000717e      0xab7 build/stm32f1xx_hal_uart.o
 .debug_line    0x0000000000007c35      0x614 build/stm32f1xx_hal_dma.o
 .debug_line    0x0000000000008249      0x35b build/aBle2UART.o
 .debug_line    0x00000000000085a4      0x2a6 build/affmotor.o
 .debug_line    0x000000000000884a      0x2a3 build/stm32f1xx_ll_spi.o
 .debug_line    0x0000000000008aed      0x19d build/spi.o
 .debug_line    0x0000000000008c8a      0x234 build/amagencSpi.o
 .debug_line    0x0000000000008ebe       0x72 build/startup_stm32f103xb.o
 .debug_line    0x0000000000008f30      0x127 /usr/lib/gcc/arm-none-eabi/7.3.1/../../../arm-none-eabi/lib/thumb/v7-m/libc.a(lib_a-atexit.o)
 .debug_line    0x0000000000009057       0x9f /usr/lib/gcc/arm-none-eabi/7.3.1/../../../arm-none-eabi/lib/thumb/v7-m/libc.a(lib_a-fini.o)
 .debug_line    0x00000000000090f6       0xd4 /usr/lib/gcc/arm-none-eabi/7.3.1/../../../arm-none-eabi/lib/thumb/v7-m/libc.a(lib_a-impure.o)
 .debug_line    0x00000000000091ca       0xba /usr/lib/gcc/arm-none-eabi/7.3.1/../../../arm-none-eabi/lib/thumb/v7-m/libc.a(lib_a-init.o)
 .debug_line    0x0000000000009284      0x1b8 /usr/lib/gcc/arm-none-eabi/7.3.1/../../../arm-none-eabi/lib/thumb/v7-m/libc.a(lib_a-memset.o)
 .debug_line    0x000000000000943c      0x147 /usr/lib/gcc/arm-none-eabi/7.3.1/../../../arm-none-eabi/lib/thumb/v7-m/libc.a(lib_a-__atexit.o)
 .debug_line    0x0000000000009583      0x175 /usr/lib/gcc/arm-none-eabi/7.3.1/../../../arm-none-eabi/lib/thumb/v7-m/libc.a(lib_a-__call_atexit.o)

.debug_str      0x0000000000000000     0x5e3d
 .debug_str     0x0000000000000000      0xa49 build/usbd_core.o
                                        0xb56 (size before relaxing)
 .debug_str     0x0000000000000a49     0x10b2 build/stm32f1xx_hal_tim.o
                                       0x1717 (size before relaxing)
 .debug_str     0x0000000000001afb      0x8db build/usbd_conf.o
                                       0x1306 (size before relaxing)
 .debug_str     0x00000000000023d6       0xc6 build/usbd_ioreq.o
                                        0xa5c (size before relaxing)
 .debug_str     0x000000000000249c       0xb3 build/tim.o
                                        0xb6a (size before relaxing)
 .debug_str     0x000000000000254f       0x48 build/stm32f1xx_hal_msp.o
                                        0x926 (size before relaxing)
 .debug_str     0x0000000000002597      0x18b build/stm32f1xx_hal_rcc_ex.o
                                        0x7d7 (size before relaxing)
 .debug_str     0x0000000000002722      0x427 build/main.o
                                       0x14cc (size before relaxing)
 .debug_str     0x0000000000002b49      0x23f build/stm32f1xx_hal_pcd.o
                                        0xc96 (size before relaxing)
 .debug_str     0x0000000000002d88      0x113 build/usbd_desc.o
                                        0x7ff (size before relaxing)
 .debug_str     0x0000000000002e9b       0x4a build/system_stm32f1xx.o
                                        0x6a6 (size before relaxing)
 .debug_str     0x0000000000002ee5      0x201 build/stm32f1xx_hal.o
                                        0xb27 (size before relaxing)
 .debug_str     0x00000000000030e6       0x34 build/gpio.o
                                        0x964 (size before relaxing)
 .debug_str     0x000000000000311a      0x147 build/stm32f1xx_hal_gpio.o
                                        0x83d (size before relaxing)
 .debug_str     0x0000000000003261      0x123 build/usbd_ctlreq.o
                                        0xad4 (size before relaxing)
 .debug_str     0x0000000000003384      0x18e build/usbd_ctlreqClass.o
                                        0xc70 (size before relaxing)
 .debug_str     0x0000000000003512       0x24 build/usb_device.o
                                        0x997 (size before relaxing)
 .debug_str     0x0000000000003536      0x524 build/stm32f1xx_hal_tim_ex.o
                                        0xfb4 (size before relaxing)
 .debug_str     0x0000000000003a5a      0x2cf build/stm32f1xx_ll_usb.o
                                        0xb35 (size before relaxing)
 .debug_str     0x0000000000003d29      0x288 build/stm32f1xx_hal_cortex.o
                                        0xcd0 (size before relaxing)
 .debug_str     0x0000000000003fb1      0x1a4 build/stm32f1xx_hal_rcc.o
                                        0x9ed (size before relaxing)
 .debug_str     0x0000000000004155       0x54 build/stm32f1xx_hal_pcd_ex.o
                                        0x962 (size before relaxing)
 .debug_str     0x00000000000041a9      0x2cd build/stm32f1xx_it.o
                                        0xef6 (size before relaxing)
 .debug_str     0x0000000000004476      0x1f2 build/usbd_hid.o
                                        0xdf5 (size before relaxing)
 .debug_str     0x0000000000004668       0xcd build/aSchTT.o
                                        0x220 (size before relaxing)
 .debug_str     0x0000000000004735       0x30 build/application_init.o
                                        0x7d2 (size before relaxing)
 .debug_str     0x0000000000004765       0x7f build/application_tasks.o
                                        0x8cd (size before relaxing)
 .debug_str     0x00000000000047e4      0x116 build/abuttons.o
                                        0x8d9 (size before relaxing)
 .debug_str     0x00000000000048fa       0x43 build/aleds.o
                                        0x6de (size before relaxing)
 .debug_str     0x000000000000493d      0x205 build/ausb.o
                                       0x1172 (size before relaxing)
 .debug_str     0x0000000000004b42       0x53 build/apedals.o
                                        0x61c (size before relaxing)
 .debug_str     0x0000000000004b95      0x532 build/stm32f1xx_hal_uart.o
                                        0xf1f (size before relaxing)
 .debug_str     0x00000000000050c7      0x237 build/stm32f1xx_hal_dma.o
                                        0xa28 (size before relaxing)
 .debug_str     0x00000000000052fe      0x105 build/aBle2UART.o
                                        0xefb (size before relaxing)
 .debug_str     0x0000000000005403      0x102 build/affmotor.o
                                        0xca0 (size before relaxing)